Archive member included to satisfy reference by file (symbol)

c:/program files (x86)/gnu arm embedded toolchain/9 2020-q2-update/bin/../lib/gcc/arm-none-eabi/9.3.1/../../../../arm-none-eabi/lib/thumb/v7e-m+fp/hard\libc_nano.a(lib_a-exit.o)
                              c:/program files (x86)/gnu arm embedded toolchain/9 2020-q2-update/bin/../lib/gcc/arm-none-eabi/9.3.1/../../../../arm-none-eabi/lib/thumb/v7e-m+fp/hard/crt0.o (exit)
c:/program files (x86)/gnu arm embedded toolchain/9 2020-q2-update/bin/../lib/gcc/arm-none-eabi/9.3.1/../../../../arm-none-eabi/lib/thumb/v7e-m+fp/hard\libc_nano.a(lib_a-impure.o)
                              c:/program files (x86)/gnu arm embedded toolchain/9 2020-q2-update/bin/../lib/gcc/arm-none-eabi/9.3.1/../../../../arm-none-eabi/lib/thumb/v7e-m+fp/hard\libc_nano.a(lib_a-exit.o) (_global_impure_ptr)
c:/program files (x86)/gnu arm embedded toolchain/9 2020-q2-update/bin/../lib/gcc/arm-none-eabi/9.3.1/../../../../arm-none-eabi/lib/thumb/v7e-m+fp/hard\libc_nano.a(lib_a-init.o)
                              c:/program files (x86)/gnu arm embedded toolchain/9 2020-q2-update/bin/../lib/gcc/arm-none-eabi/9.3.1/../../../../arm-none-eabi/lib/thumb/v7e-m+fp/hard/crt0.o (__libc_init_array)
c:/program files (x86)/gnu arm embedded toolchain/9 2020-q2-update/bin/../lib/gcc/arm-none-eabi/9.3.1/../../../../arm-none-eabi/lib/thumb/v7e-m+fp/hard\libc_nano.a(lib_a-malloc.o)
                              build/usart.o (malloc)
c:/program files (x86)/gnu arm embedded toolchain/9 2020-q2-update/bin/../lib/gcc/arm-none-eabi/9.3.1/../../../../arm-none-eabi/lib/thumb/v7e-m+fp/hard\libc_nano.a(lib_a-memcmp.o)
                              build/SD_Card_APP.o (memcmp)
c:/program files (x86)/gnu arm embedded toolchain/9 2020-q2-update/bin/../lib/gcc/arm-none-eabi/9.3.1/../../../../arm-none-eabi/lib/thumb/v7e-m+fp/hard\libc_nano.a(lib_a-memcpy-stub.o)
                              build/IS25.o (memcpy)
c:/program files (x86)/gnu arm embedded toolchain/9 2020-q2-update/bin/../lib/gcc/arm-none-eabi/9.3.1/../../../../arm-none-eabi/lib/thumb/v7e-m+fp/hard\libc_nano.a(lib_a-memset.o)
                              c:/program files (x86)/gnu arm embedded toolchain/9 2020-q2-update/bin/../lib/gcc/arm-none-eabi/9.3.1/../../../../arm-none-eabi/lib/thumb/v7e-m+fp/hard/crt0.o (memset)
c:/program files (x86)/gnu arm embedded toolchain/9 2020-q2-update/bin/../lib/gcc/arm-none-eabi/9.3.1/../../../../arm-none-eabi/lib/thumb/v7e-m+fp/hard\libc_nano.a(lib_a-nano-freer.o)
                              c:/program files (x86)/gnu arm embedded toolchain/9 2020-q2-update/bin/../lib/gcc/arm-none-eabi/9.3.1/../../../../arm-none-eabi/lib/thumb/v7e-m+fp/hard\libc_nano.a(lib_a-malloc.o) (_free_r)
c:/program files (x86)/gnu arm embedded toolchain/9 2020-q2-update/bin/../lib/gcc/arm-none-eabi/9.3.1/../../../../arm-none-eabi/lib/thumb/v7e-m+fp/hard\libc_nano.a(lib_a-nano-mallocr.o)
                              c:/program files (x86)/gnu arm embedded toolchain/9 2020-q2-update/bin/../lib/gcc/arm-none-eabi/9.3.1/../../../../arm-none-eabi/lib/thumb/v7e-m+fp/hard\libc_nano.a(lib_a-malloc.o) (_malloc_r)
c:/program files (x86)/gnu arm embedded toolchain/9 2020-q2-update/bin/../lib/gcc/arm-none-eabi/9.3.1/../../../../arm-none-eabi/lib/thumb/v7e-m+fp/hard\libc_nano.a(lib_a-sbrkr.o)
                              c:/program files (x86)/gnu arm embedded toolchain/9 2020-q2-update/bin/../lib/gcc/arm-none-eabi/9.3.1/../../../../arm-none-eabi/lib/thumb/v7e-m+fp/hard\libc_nano.a(lib_a-nano-mallocr.o) (_sbrk_r)
c:/program files (x86)/gnu arm embedded toolchain/9 2020-q2-update/bin/../lib/gcc/arm-none-eabi/9.3.1/../../../../arm-none-eabi/lib/thumb/v7e-m+fp/hard\libc_nano.a(lib_a-strlen.o)
                              build/usart.o (strlen)
c:/program files (x86)/gnu arm embedded toolchain/9 2020-q2-update/bin/../lib/gcc/arm-none-eabi/9.3.1/../../../../arm-none-eabi/lib/thumb/v7e-m+fp/hard\libc_nano.a(lib_a-vsprintf.o)
                              build/usart.o (vsprintf)
c:/program files (x86)/gnu arm embedded toolchain/9 2020-q2-update/bin/../lib/gcc/arm-none-eabi/9.3.1/../../../../arm-none-eabi/lib/thumb/v7e-m+fp/hard\libc_nano.a(lib_a-mlock.o)
                              c:/program files (x86)/gnu arm embedded toolchain/9 2020-q2-update/bin/../lib/gcc/arm-none-eabi/9.3.1/../../../../arm-none-eabi/lib/thumb/v7e-m+fp/hard\libc_nano.a(lib_a-nano-freer.o) (__malloc_lock)
c:/program files (x86)/gnu arm embedded toolchain/9 2020-q2-update/bin/../lib/gcc/arm-none-eabi/9.3.1/../../../../arm-none-eabi/lib/thumb/v7e-m+fp/hard\libc_nano.a(lib_a-nano-svfprintf.o)
                              c:/program files (x86)/gnu arm embedded toolchain/9 2020-q2-update/bin/../lib/gcc/arm-none-eabi/9.3.1/../../../../arm-none-eabi/lib/thumb/v7e-m+fp/hard\libc_nano.a(lib_a-vsprintf.o) (_svfprintf_r)
[...]
Memory Configuration

Name             Origin             Length             Attributes
RAM              0x20000000         0x0000a000         xrw
FLASH            0x08000000         0x00010000         xr
*default*        0x00000000         0xffffffff

Linker script and memory map

LOAD c:/program files (x86)/gnu arm embedded toolchain/9 2020-q2-update/bin/../lib/gcc/arm-none-eabi/9.3.1/thumb/v7e-m+fp/hard/crti.o
LOAD c:/program files (x86)/gnu arm embedded toolchain/9 2020-q2-update/bin/../lib/gcc/arm-none-eabi/9.3.1/thumb/v7e-m+fp/hard/crtbegin.o
LOAD c:/program files (x86)/gnu arm embedded toolchain/9 2020-q2-update/bin/../lib/gcc/arm-none-eabi/9.3.1/../../../../arm-none-eabi/lib/thumb/v7e-m+fp/hard/crt0.o
LOAD build/main.o
LOAD build/gpio.o
LOAD build/user_diskio.o
LOAD build/fatfs.o
LOAD build/quadspi.o
LOAD build/spi.o
LOAD build/tim.o
LOAD build/usart.o
LOAD build/stm32l4xx_it.o
LOAD build/stm32l4xx_hal_msp.o
LOAD build/stm32l4xx_hal.o
LOAD build/stm32l4xx_hal_i2c.o
LOAD build/stm32l4xx_hal_i2c_ex.o
LOAD build/stm32l4xx_hal_rcc.o
LOAD build/stm32l4xx_hal_rcc_ex.o
LOAD build/stm32l4xx_hal_flash.o
LOAD build/stm32l4xx_hal_flash_ex.o
LOAD build/stm32l4xx_hal_flash_ramfunc.o
LOAD build/stm32l4xx_hal_gpio.o
LOAD build/stm32l4xx_hal_dma.o
LOAD build/stm32l4xx_hal_dma_ex.o
LOAD build/stm32l4xx_hal_pwr.o
LOAD build/stm32l4xx_hal_pwr_ex.o
LOAD build/stm32l4xx_hal_cortex.o
LOAD build/stm32l4xx_hal_exti.o
LOAD build/stm32l4xx_hal_qspi.o
LOAD build/stm32l4xx_hal_spi.o
LOAD build/stm32l4xx_hal_spi_ex.o
LOAD build/stm32l4xx_hal_tim.o
LOAD build/stm32l4xx_hal_tim_ex.o
LOAD build/stm32l4xx_hal_uart.o
LOAD build/stm32l4xx_hal_uart_ex.o
LOAD build/system_stm32l4xx.o
LOAD build/diskio.o
LOAD build/ff.o
LOAD build/ff_gen_drv.o
LOAD build/syscall.o
LOAD build/Myquadspi.o
LOAD build/IS25.o
LOAD build/Flasher.o
LOAD build/DEV_Config.o
LOAD build/SD_Card_APP.o
LOAD build/SD_Card_Drive.o
LOAD build/SD_Card_Interface.o
LOAD build/startup_stm32l412xx.o
LOAD c:/program files (x86)/gnu arm embedded toolchain/9 2020-q2-update/bin/../lib/gcc/arm-none-eabi/9.3.1/../../../../arm-none-eabi/lib/thumb/v7e-m+fp/hard\libc_nano.a
LOAD c:/program files (x86)/gnu arm embedded toolchain/9 2020-q2-update/bin/../lib/gcc/arm-none-eabi/9.3.1/../../../../arm-none-eabi/lib/thumb/v7e-m+fp/hard\libm.a
LOAD c:/program files (x86)/gnu arm embedded toolchain/9 2020-q2-update/bin/../lib/gcc/arm-none-eabi/9.3.1/../../../../arm-none-eabi/lib/thumb/v7e-m+fp/hard\libnosys.a
START GROUP
LOAD c:/program files (x86)/gnu arm embedded toolchain/9 2020-q2-update/bin/../lib/gcc/arm-none-eabi/9.3.1/thumb/v7e-m+fp/hard\libgcc.a
LOAD c:/program files (x86)/gnu arm embedded toolchain/9 2020-q2-update/bin/../lib/gcc/arm-none-eabi/9.3.1/../../../../arm-none-eabi/lib/thumb/v7e-m+fp/hard\libc_nano.a
END GROUP
START GROUP
LOAD c:/program files (x86)/gnu arm embedded toolchain/9 2020-q2-update/bin/../lib/gcc/arm-none-eabi/9.3.1/thumb/v7e-m+fp/hard\libgcc.a
LOAD c:/program files (x86)/gnu arm embedded toolchain/9 2020-q2-update/bin/../lib/gcc/arm-none-eabi/9.3.1/../../../../arm-none-eabi/lib/thumb/v7e-m+fp/hard\libc_nano.a
END GROUP
LOAD c:/program files (x86)/gnu arm embedded toolchain/9 2020-q2-update/bin/../lib/gcc/arm-none-eabi/9.3.1/thumb/v7e-m+fp/hard/crtend.o
LOAD c:/program files (x86)/gnu arm embedded toolchain/9 2020-q2-update/bin/../lib/gcc/arm-none-eabi/9.3.1/thumb/v7e-m+fp/hard/crtn.o
                0x2000a000                _estack = 0x2000a000
                0x00002000                _Min_Heap_Size = 0x2000
                0x00002000                _Min_Stack_Size = 0x2000

.isr_vector     0x08000000      0x190
                0x08000000                . = ALIGN (0x8)
 *(.isr_vector)
 .isr_vector    0x08000000      0x18c build/startup_stm32l412xx.o
                0x08000000                g_pfnVectors
                0x08000190                . = ALIGN (0x8)
 *fill*         0x0800018c        0x4 

.text           0x08000190     0x5fe0
                0x08000190                . = ALIGN (0x8)
 *(.text)
 .text          0x08000190       0x40 c:/program files (x86)/gnu arm embedded toolchain/9 2020-q2-update/bin/../lib/gcc/arm-none-eabi/9.3.1/thumb/v7e-m+fp/hard/crtbegin.o
 .text          0x080001d0       0x10 c:/program files (x86)/gnu arm embedded toolchain/9 2020-q2-update/bin/../lib/gcc/arm-none-eabi/9.3.1/../../../../arm-none-eabi/lib/thumb/v7e-m+fp/hard\libc_nano.a(lib_a-strlen.o)
                0x080001d0                strlen
 .text          0x080001e0       0xa0 c:/program files (x86)/gnu arm embedded toolchain/9 2020-q2-update/bin/../lib/gcc/arm-none-eabi/9.3.1/../../../../arm-none-eabi/lib/thumb/v7e-m+fp/hard\libc_nano.a(lib_a-memchr.o)
                0x080001e0                memchr
 .text          0x08000280       0x30 c:/program files (x86)/gnu arm embedded toolchain/9 2020-q2-update/bin/../lib/gcc/arm-none-eabi/9.3.1/thumb/v7e-m+fp/hard\libgcc.a(_aeabi_uldivmod.o)
                0x08000280                __aeabi_uldivmod
 .text          0x080002b0      0x2c4 c:/program files (x86)/gnu arm embedded toolchain/9 2020-q2-update/bin/../lib/gcc/arm-none-eabi/9.3.1/thumb/v7e-m+fp/hard\libgcc.a(_udivmoddi4.o)
                0x080002b0                __udivmoddi4
 .text          0x08000574        0x4 c:/program files (x86)/gnu arm embedded toolchain/9 2020-q2-update/bin/../lib/gcc/arm-none-eabi/9.3.1/thumb/v7e-m+fp/hard\libgcc.a(_dvmd_tls.o)
                0x08000574                __aeabi_idiv0
                0x08000574                __aeabi_ldiv0
 *(.text*)
 .text.SystemClock_Config
                0x08000578       0x74 build/main.o
                0x08000578                SystemClock_Config
 .text.main     0x080005ec       0x5c build/main.o
                0x080005ec                main
 .text.Error_Handler
                0x08000648        0x2 build/main.o
                0x08000648                Error_Handler
 *fill*         0x0800064a        0x2 
 .text.MX_GPIO_Init
                0x0800064c       0xec build/gpio.o
                0x0800064c                MX_GPIO_Init
 .text.USER_initialize
                0x08000738       0x24 build/user_diskio.o
                0x08000738                USER_initialize
 .text.USER_status
                0x0800075c       0x24 build/user_diskio.o
                0x0800075c                USER_status
 .text.USER_read
                0x08000780       0x38 build/user_diskio.o
                0x08000780                USER_read
 .text.USER_write
                0x080007b8       0x38 build/user_diskio.o
                0x080007b8                USER_write
 .text.USER_ioctl
                0x080007f0       0x58 build/user_diskio.o
                0x080007f0                USER_ioctl
 .text.get_fattime
                0x08000848        0x4 build/fatfs.o
                0x08000848                get_fattime
 .text.MX_QUADSPI_Init
                0x0800084c       0x38 build/quadspi.o
                0x0800084c                MX_QUADSPI_Init
 .text.HAL_QSPI_MspInit
                0x08000884       0x94 build/quadspi.o
                0x08000884                HAL_QSPI_MspInit
 .text.MX_SPI1_Init
                0x08000918       0x4c build/spi.o
                0x08000918                MX_SPI1_Init
 .text.HAL_SPI_MspInit
                0x08000964       0x6c build/spi.o
                0x08000964                HAL_SPI_MspInit
 .text.MX_TIM1_Init
                0x080009d0       0x74 build/tim.o
                0x080009d0                MX_TIM1_Init
 .text.HAL_TIM_Base_MspInit
                0x08000a44       0x60 build/tim.o
                0x08000a44                HAL_TIM_Base_MspInit
 .text.MX_USART1_UART_Init
                0x08000aa4       0x38 build/usart.o
                0x08000aa4                MX_USART1_UART_Init
 .text.HAL_UART_MspInit
                0x08000adc       0x6c build/usart.o
                0x08000adc                HAL_UART_MspInit
 .text.vprint   0x08000b48       0x34 build/usart.o
                0x08000b48                vprint
 .text.my_printf
                0x08000b7c       0x1c build/usart.o
                0x08000b7c                my_printf
 .text.PrintMemoryMap
                0x08000b98      0x14c build/usart.o
                0x08000b98                PrintMemoryMap
 .text.FRESULTPrinter
                0x08000ce4        0xc build/usart.o
                0x08000ce4                FRESULTPrinter
 .text.NMI_Handler
                0x08000cf0        0x2 build/stm32l4xx_it.o
                0x08000cf0                NMI_Handler
 .text.HardFault_Handler
                0x08000cf2        0x2 build/stm32l4xx_it.o
                0x08000cf2                HardFault_Handler
 .text.MemManage_Handler
                0x08000cf4        0x2 build/stm32l4xx_it.o
                0x08000cf4                MemManage_Handler
 .text.BusFault_Handler
                0x08000cf6        0x2 build/stm32l4xx_it.o
                0x08000cf6                BusFault_Handler
 .text.UsageFault_Handler
                0x08000cf8        0x2 build/stm32l4xx_it.o
                0x08000cf8                UsageFault_Handler
 .text.SVC_Handler
                0x08000cfa        0x2 build/stm32l4xx_it.o
                0x08000cfa                SVC_Handler
 .text.DebugMon_Handler
                0x08000cfc        0x2 build/stm32l4xx_it.o
                0x08000cfc                DebugMon_Handler
 .text.PendSV_Handler
                0x08000cfe        0x2 build/stm32l4xx_it.o
                0x08000cfe                PendSV_Handler
 .text.SysTick_Handler
                0x08000d00        0x8 build/stm32l4xx_it.o
                0x08000d00                SysTick_Handler
 .text.TIM1_BRK_TIM15_IRQHandler
                0x08000d08       0x10 build/stm32l4xx_it.o
                0x08000d08                TIM1_BRK_TIM15_IRQHandler
 .text.TIM1_UP_TIM16_IRQHandler
                0x08000d18       0x10 build/stm32l4xx_it.o
                0x08000d18                TIM1_UP_TIM16_IRQHandler
 .text.TIM1_TRG_COM_IRQHandler
                0x08000d28       0x10 build/stm32l4xx_it.o
                0x08000d28                TIM1_TRG_COM_IRQHandler
 .text.HAL_MspInit
                0x08000d38       0x30 build/stm32l4xx_hal_msp.o
                0x08000d38                HAL_MspInit
 .text.HAL_InitTick
                0x08000d68       0x50 build/stm32l4xx_hal.o
                0x08000d68                HAL_InitTick
 .text.HAL_Init
                0x08000db8       0x1e build/stm32l4xx_hal.o
                0x08000db8                HAL_Init
 *fill*         0x08000dd6        0x2 
 .text.HAL_IncTick
                0x08000dd8       0x18 build/stm32l4xx_hal.o
                0x08000dd8                HAL_IncTick
 .text.HAL_GetTick
                0x08000df0        0xc build/stm32l4xx_hal.o
                0x08000df0                HAL_GetTick
 .text.HAL_Delay
                0x08000dfc       0x28 build/stm32l4xx_hal.o
                0x08000dfc                HAL_Delay
 .text.RCC_SetFlashLatencyFromMSIRange
                0x08000e24       0x90 build/stm32l4xx_hal_rcc.o
 .text.HAL_RCC_GetSysClockFreq
                0x08000eb4       0xb4 build/stm32l4xx_hal_rcc.o
                0x08000eb4                HAL_RCC_GetSysClockFreq
 .text.HAL_RCC_OscConfig
                0x08000f68      0x6dc build/stm32l4xx_hal_rcc.o
                0x08000f68                HAL_RCC_OscConfig
 .text.HAL_RCC_ClockConfig
                0x08001644      0x15c build/stm32l4xx_hal_rcc.o
                0x08001644                HAL_RCC_ClockConfig
 .text.HAL_RCC_GetHCLKFreq
                0x080017a0        0xc build/stm32l4xx_hal_rcc.o
                0x080017a0                HAL_RCC_GetHCLKFreq
 .text.HAL_RCC_GetPCLK1Freq
                0x080017ac       0x24 build/stm32l4xx_hal_rcc.o
                0x080017ac                HAL_RCC_GetPCLK1Freq
 .text.HAL_RCC_GetPCLK2Freq
                0x080017d0       0x24 build/stm32l4xx_hal_rcc.o
                0x080017d0                HAL_RCC_GetPCLK2Freq
 .text.HAL_RCCEx_PeriphCLKConfig
                0x080017f4      0x234 build/stm32l4xx_hal_rcc_ex.o
                0x080017f4                HAL_RCCEx_PeriphCLKConfig
 .text.HAL_GPIO_Init
                0x08001a28      0x188 build/stm32l4xx_hal_gpio.o
                0x08001a28                HAL_GPIO_Init
 .text.HAL_GPIO_WritePin
                0x08001bb0        0xa build/stm32l4xx_hal_gpio.o
                0x08001bb0                HAL_GPIO_WritePin
 *fill*         0x08001bba        0x2 
 .text.HAL_PWREx_GetVoltageRange
                0x08001bbc       0x10 build/stm32l4xx_hal_pwr_ex.o
                0x08001bbc                HAL_PWREx_GetVoltageRange
 .text.HAL_PWREx_ControlVoltageScaling
                0x08001bcc       0x90 build/stm32l4xx_hal_pwr_ex.o
                0x08001bcc                HAL_PWREx_ControlVoltageScaling
 .text.HAL_NVIC_SetPriorityGrouping
                0x08001c5c       0x24 build/stm32l4xx_hal_cortex.o
                0x08001c5c                HAL_NVIC_SetPriorityGrouping
 .text.HAL_NVIC_SetPriority
                0x08001c80       0x68 build/stm32l4xx_hal_cortex.o
                0x08001c80                HAL_NVIC_SetPriority
 .text.HAL_NVIC_EnableIRQ
                0x08001ce8       0x1c build/stm32l4xx_hal_cortex.o
                0x08001ce8                HAL_NVIC_EnableIRQ
 .text.HAL_SYSTICK_Config
                0x08001d04       0x2c build/stm32l4xx_hal_cortex.o
                0x08001d04                HAL_SYSTICK_Config
 .text.QSPI_Config
                0x08001d30      0x1d4 build/stm32l4xx_hal_qspi.o
 .text.QSPI_WaitFlagStateUntilTimeout
                0x08001f04       0x50 build/stm32l4xx_hal_qspi.o
 .text.HAL_QSPI_Command
                0x08001f54       0x98 build/stm32l4xx_hal_qspi.o
                0x08001f54                HAL_QSPI_Command
 .text.HAL_QSPI_Transmit
                0x08001fec       0xc8 build/stm32l4xx_hal_qspi.o
                0x08001fec                HAL_QSPI_Transmit
 .text.HAL_QSPI_Receive
                0x080020b4       0xd2 build/stm32l4xx_hal_qspi.o
                0x080020b4                HAL_QSPI_Receive
 .text.HAL_QSPI_SetTimeout
                0x08002186        0x4 build/stm32l4xx_hal_qspi.o
                0x08002186                HAL_QSPI_SetTimeout
 *fill*         0x0800218a        0x2 
 .text.HAL_QSPI_Init
                0x0800218c       0xc4 build/stm32l4xx_hal_qspi.o
                0x0800218c                HAL_QSPI_Init
 .text.SPI_WaitFlagStateUntilTimeout
                0x08002250       0x94 build/stm32l4xx_hal_spi.o
 .text.SPI_WaitFifoStateUntilTimeout
                0x080022e4       0xae build/stm32l4xx_hal_spi.o
 .text.SPI_EndRxTxTransaction
                0x08002392       0x62 build/stm32l4xx_hal_spi.o
 .text.HAL_SPI_Init
                0x080023f4       0xb0 build/stm32l4xx_hal_spi.o
                0x080023f4                HAL_SPI_Init
 .text.HAL_SPI_TransmitReceive
                0x080024a4      0x2de build/stm32l4xx_hal_spi.o
                0x080024a4                HAL_SPI_TransmitReceive
 .text.TIM_TI1_ConfigInputStage
                0x08002782       0x24 build/stm32l4xx_hal_tim.o
 .text.TIM_TI2_ConfigInputStage
                0x080027a6       0x26 build/stm32l4xx_hal_tim.o
 .text.TIM_ITRx_SetConfig
                0x080027cc       0x10 build/stm32l4xx_hal_tim.o
 .text.HAL_TIM_OC_DelayElapsedCallback
                0x080027dc        0x2 build/stm32l4xx_hal_tim.o
                0x080027dc                HAL_TIM_OC_DelayElapsedCallback
 .text.HAL_TIM_IC_CaptureCallback
                0x080027de        0x2 build/stm32l4xx_hal_tim.o
                0x080027de                HAL_TIM_IC_CaptureCallback
 .text.HAL_TIM_PWM_PulseFinishedCallback
                0x080027e0        0x2 build/stm32l4xx_hal_tim.o
                0x080027e0                HAL_TIM_PWM_PulseFinishedCallback
 .text.HAL_TIM_TriggerCallback
                0x080027e2        0x2 build/stm32l4xx_hal_tim.o
                0x080027e2                HAL_TIM_TriggerCallback
 .text.HAL_TIM_IRQHandler
                0x080027e4      0x19a build/stm32l4xx_hal_tim.o
                0x080027e4                HAL_TIM_IRQHandler
 *fill*         0x0800297e        0x2 
 .text.TIM_Base_SetConfig
                0x08002980       0x70 build/stm32l4xx_hal_tim.o
                0x08002980                TIM_Base_SetConfig
 .text.HAL_TIM_Base_Init
                0x080029f0       0x34 build/stm32l4xx_hal_tim.o
                0x080029f0                HAL_TIM_Base_Init
 .text.TIM_ETR_SetConfig
                0x08002a24       0x18 build/stm32l4xx_hal_tim.o
                0x08002a24                TIM_ETR_SetConfig
 .text.HAL_TIM_ConfigClockSource
                0x08002a3c       0xdc build/stm32l4xx_hal_tim.o
                0x08002a3c                HAL_TIM_ConfigClockSource
 .text.HAL_TIMEx_MasterConfigSynchronization
                0x08002b18       0x70 build/stm32l4xx_hal_tim_ex.o
                0x08002b18                HAL_TIMEx_MasterConfigSynchronization
 .text.HAL_TIMEx_CommutCallback
                0x08002b88        0x2 build/stm32l4xx_hal_tim_ex.o
                0x08002b88                HAL_TIMEx_CommutCallback
 .text.HAL_TIMEx_BreakCallback
                0x08002b8a        0x2 build/stm32l4xx_hal_tim_ex.o
                0x08002b8a                HAL_TIMEx_BreakCallback
 .text.HAL_TIMEx_Break2Callback
                0x08002b8c        0x2 build/stm32l4xx_hal_tim_ex.o
                0x08002b8c                HAL_TIMEx_Break2Callback
 *fill*         0x08002b8e        0x2 
 .text.UART_SetConfig
                0x08002b90      0x38c build/stm32l4xx_hal_uart.o
                0x08002b90                UART_SetConfig
 .text.UART_AdvFeatureConfig
                0x08002f1c       0xca build/stm32l4xx_hal_uart.o
                0x08002f1c                UART_AdvFeatureConfig
 .text.UART_WaitOnFlagUntilTimeout
                0x08002fe6       0xa2 build/stm32l4xx_hal_uart.o
                0x08002fe6                UART_WaitOnFlagUntilTimeout
 .text.HAL_UART_Transmit
                0x08003088       0xd6 build/stm32l4xx_hal_uart.o
                0x08003088                HAL_UART_Transmit
 .text.UART_CheckIdleState
                0x0800315e       0x6c build/stm32l4xx_hal_uart.o
                0x0800315e                UART_CheckIdleState
 .text.HAL_UART_Init
                0x080031ca       0x62 build/stm32l4xx_hal_uart.o
                0x080031ca                HAL_UART_Init
 .text.SystemInit
                0x0800322c       0x48 build/system_stm32l4xx.o
                0x0800322c                SystemInit
 .text.disk_status
                0x08003274       0x18 build/diskio.o
                0x08003274                disk_status
 .text.disk_initialize
                0x0800328c       0x28 build/diskio.o
                0x0800328c                disk_initialize
 .text.disk_read
                0x080032b4       0x18 build/diskio.o
                0x080032b4                disk_read
 .text.disk_write
                0x080032cc       0x18 build/diskio.o
                0x080032cc                disk_write
 .text.disk_ioctl
                0x080032e4       0x18 build/diskio.o
                0x080032e4                disk_ioctl
 .text.ld_word  0x080032fc        0xa build/ff.o
 .text.ld_dword
                0x08003306       0x16 build/ff.o
 .text.st_word  0x0800331c        0x8 build/ff.o
 .text.st_dword
                0x08003324       0x14 build/ff.o
 .text.mem_cpy  0x08003338       0x18 build/ff.o
 .text.mem_set  0x08003350        0xa build/ff.o
 .text.mem_cmp  0x0800335a       0x1c build/ff.o
 .text.chk_chr  0x08003376       0x10 build/ff.o
 *fill*         0x08003386        0x2 
 .text.chk_lock
                0x08003388       0x74 build/ff.o
 .text.enq_lock
                0x080033fc       0x20 build/ff.o
 .text.inc_lock
                0x0800341c       0xa4 build/ff.o
 .text.dec_lock
                0x080034c0       0x40 build/ff.o
 .text.clear_lock
                0x08003500       0x3c build/ff.o
 .text.clust2sect
                0x0800353c       0x18 build/ff.o
 .text.clmt_clust
                0x08003554       0x22 build/ff.o
 .text.ld_clust
                0x08003576       0x26 build/ff.o
 .text.st_clust
                0x0800359c       0x26 build/ff.o
 *fill*         0x080035c2        0x2 
 .text.create_name
                0x080035c4       0xcc build/ff.o
 .text.get_ldnumber
                0x08003690       0x54 build/ff.o
 .text.validate
                0x080036e4       0x46 build/ff.o
 .text.sync_window
                0x0800372a       0x52 build/ff.o
 .text.move_window
                0x0800377c       0x36 build/ff.o
 *fill*         0x080037b2        0x2 
 .text.check_fs
                0x080037b4       0x78 build/ff.o
 .text.find_volume
                0x0800382c      0x300 build/ff.o
 .text.put_fat  0x08003b2c      0x10e build/ff.o
 .text.get_fat  0x08003c3a       0xd0 build/ff.o
 .text.dir_sdi  0x08003d0a       0xac build/ff.o
 .text.create_chain
                0x08003db6       0xcc build/ff.o
 .text.remove_chain
                0x08003e82       0x7e build/ff.o
 .text.dir_next
                0x08003f00      0x108 build/ff.o
 .text.dir_find
                0x08004008       0x5a build/ff.o
 .text.follow_path
                0x08004062       0x8e build/ff.o
 .text.dir_alloc
                0x080040f0       0x50 build/ff.o
 .text.dir_register
                0x08004140       0x3e build/ff.o
 *fill*         0x0800417e        0x2 
 .text.sync_fs  0x08004180       0x8c build/ff.o
 .text.f_mount  0x0800420c       0x5c build/ff.o
                0x0800420c                f_mount
 .text.f_open   0x08004268      0x226 build/ff.o
                0x08004268                f_open
 .text.f_read   0x0800448e      0x1c4 build/ff.o
                0x0800448e                f_read
 .text.f_sync   0x08004652       0x98 build/ff.o
                0x08004652                f_sync
 .text.f_close  0x080046ea       0x2a build/ff.o
                0x080046ea                f_close
 .text.f_opendir
                0x08004714       0x8a build/ff.o
                0x08004714                f_opendir
 *fill*         0x0800479e        0x2 
 .text.FATFS_LinkDriverEx
                0x080047a0       0x48 build/ff_gen_drv.o
                0x080047a0                FATFS_LinkDriverEx
 .text.FATFS_LinkDriver
                0x080047e8        0xa build/ff_gen_drv.o
                0x080047e8                FATFS_LinkDriver
 *fill*         0x080047f2        0x2 
 .text.QSPI_SetInit
                0x080047f4       0x20 build/Myquadspi.o
                0x080047f4                QSPI_SetInit
 .text.QSPI_SetInstruct
                0x08004814       0x18 build/Myquadspi.o
                0x08004814                QSPI_SetInstruct
 .text.QSPI_SetAddress
                0x0800482c       0x18 build/Myquadspi.o
                0x0800482c                QSPI_SetAddress
 .text.QSPI_SetDataInfo
                0x08004844       0x28 build/Myquadspi.o
                0x08004844                QSPI_SetDataInfo
 .text.QSPI_Cmd
                0x0800486c       0x24 build/Myquadspi.o
                0x0800486c                QSPI_Cmd
 .text.QSPI_Write
                0x08004890       0x20 build/Myquadspi.o
                0x08004890                QSPI_Write
 .text.QSPI_Read
                0x080048b0       0x20 build/Myquadspi.o
                0x080048b0                QSPI_Read
 .text.IS25LP128_ReadStatus
                0x080048d0       0x2c build/IS25.o
                0x080048d0                IS25LP128_ReadStatus
 .text.IS25LP128_WriteEnable
                0x080048fc       0x10 build/IS25.o
                0x080048fc                IS25LP128_WriteEnable
 .text.IS25LP128_Wakeup
                0x0800490c       0x10 build/IS25.o
                0x0800490c                IS25LP128_Wakeup
 .text.IS25LP128_Init
                0x0800491c       0x98 build/IS25.o
                0x0800491c                IS25LP128_Init
 .text.IS25LP128_PageProgram
                0x080049b4       0x38 build/IS25.o
                0x080049b4                IS25LP128_PageProgram
 .text.IS25LP128_Read
                0x080049ec       0x2e build/IS25.o
                0x080049ec                IS25LP128_Read
 *fill*         0x08004a1a        0x2 
 .text.IS25LP128_SectorErase
                0x08004a1c       0x30 build/IS25.o
                0x08004a1c                IS25LP128_SectorErase
 .text.IS25LP128_Write
                0x08004a4c       0xd2 build/IS25.o
                0x08004a4c                IS25LP128_Write
 *fill*         0x08004b1e        0x2 
 .text.Flasher_Init
                0x08004b20       0x88 build/Flasher.o
                0x08004b20                Flasher_Init
 .text.HAL_TIM_PeriodElapsedCallback
                0x08004ba8       0xcc build/Flasher.o
                0x08004ba8                HAL_TIM_PeriodElapsedCallback
 .text.SDCard_Init
                0x08004c74       0xbc build/SD_Card_APP.o
                0x08004c74                SDCard_Init
 .text.SDCard_bin
                0x08004d30      0x160 build/SD_Card_APP.o
                0x08004d30                SDCard_bin
 .text.SD_ReadData
                0x08004e90       0x18 build/SD_Card_Drive.o
 .text.SD_WaitData
                0x08004ea8       0x24 build/SD_Card_Drive.o
 .text.SD_GetDataResponse
                0x08004ecc       0x3e build/SD_Card_Drive.o
 *fill*         0x08004f0a        0x2 
 .text.SD_SendCmd
                0x08004f0c       0xd0 build/SD_Card_Drive.o
 .text.SD_GoIdleState
                0x08004fdc      0x19c build/SD_Card_Drive.o
 .text.SD_GetCSDRegister
                0x08005178      0x234 build/SD_Card_Drive.o
 .text.SD_GetCIDRegister
                0x080053ac      0x108 build/SD_Card_Drive.o
 .text.BSP_SD_Init
                0x080054b4       0x2c build/SD_Card_Drive.o
                0x080054b4                BSP_SD_Init
 .text.BSP_SD_GetCardInfo
                0x080054e0       0x6c build/SD_Card_Drive.o
                0x080054e0                BSP_SD_GetCardInfo
 .text.BSP_SD_ReadBlocks
                0x0800554c       0xf4 build/SD_Card_Drive.o
                0x0800554c                BSP_SD_ReadBlocks
 .text.BSP_SD_WriteBlocks
                0x08005640       0xfc build/SD_Card_Drive.o
                0x08005640                BSP_SD_WriteBlocks
 .text.BSP_SD_GetCardState
                0x0800573c       0x38 build/SD_Card_Drive.o
                0x0800573c                BSP_SD_GetCardState
 .text.SD_IO_CSState
                0x08005774       0x22 build/SD_Card_Interface.o
                0x08005774                SD_IO_CSState
 *fill*         0x08005796        0x2 
 .text.SD_IO_WriteReadData
                0x08005798       0x28 build/SD_Card_Interface.o
                0x08005798                SD_IO_WriteReadData
 .text.SD_IO_WriteByte
                0x080057c0       0x34 build/SD_Card_Interface.o
                0x080057c0                SD_IO_WriteByte
 .text.Reset_Handler
                0x080057f4       0x50 build/startup_stm32l412xx.o
                0x080057f4                Reset_Handler
 .text.Default_Handler
                0x08005844        0x2 build/startup_stm32l412xx.o
                0x08005844                RTC_Alarm_IRQHandler
                0x08005844                EXTI2_IRQHandler
                0x08005844                TIM1_CC_IRQHandler
                0x08005844                TSC_IRQHandler
                0x08005844                TIM6_IRQHandler
                0x08005844                TAMP_STAMP_IRQHandler
                0x08005844                EXTI3_IRQHandler
                0x08005844                LPTIM2_IRQHandler
                0x08005844                I2C3_ER_IRQHandler
                0x08005844                EXTI0_IRQHandler
                0x08005844                I2C2_EV_IRQHandler
                0x08005844                FPU_IRQHandler
                0x08005844                ADC1_2_IRQHandler
                0x08005844                SPI1_IRQHandler
                0x08005844                DMA2_Channel2_IRQHandler
                0x08005844                DMA1_Channel4_IRQHandler
                0x08005844                USART3_IRQHandler
                0x08005844                DMA1_Channel7_IRQHandler
                0x08005844                DMA2_Channel1_IRQHandler
                0x08005844                QUADSPI_IRQHandler
                0x08005844                I2C1_EV_IRQHandler
                0x08005844                DMA1_Channel6_IRQHandler
                0x08005844                DMA2_Channel4_IRQHandler
                0x08005844                RCC_IRQHandler
                0x08005844                DMA1_Channel1_IRQHandler
                0x08005844                Default_Handler
                0x08005844                DMA2_Channel7_IRQHandler
                0x08005844                EXTI15_10_IRQHandler
                0x08005844                I2C3_EV_IRQHandler
                0x08005844                USB_IRQHandler
                0x08005844                EXTI9_5_IRQHandler
                0x08005844                RTC_WKUP_IRQHandler
                0x08005844                PVD_PVM_IRQHandler
                0x08005844                SPI2_IRQHandler
                0x08005844                DMA2_Channel5_IRQHandler
                0x08005844                CRS_IRQHandler
                0x08005844                DMA1_Channel5_IRQHandler
                0x08005844                EXTI4_IRQHandler
                0x08005844                RNG_IRQHandler
                0x08005844                DMA1_Channel3_IRQHandler
                0x08005844                COMP_IRQHandler
                0x08005844                WWDG_IRQHandler
                0x08005844                LPUART1_IRQHandler
                0x08005844                DMA2_Channel6_IRQHandler
                0x08005844                TIM2_IRQHandler
                0x08005844                EXTI1_IRQHandler
                0x08005844                USART2_IRQHandler
                0x08005844                I2C2_ER_IRQHandler
                0x08005844                DMA1_Channel2_IRQHandler
                0x08005844                FLASH_IRQHandler
                0x08005844                USART1_IRQHandler
                0x08005844                I2C1_ER_IRQHandler
                0x08005844                LPTIM1_IRQHandler
                0x08005844                DMA2_Channel3_IRQHandler
 *fill*         0x08005846        0x2 
 .text.__libc_init_array
                0x08005848       0x48 c:/program files (x86)/gnu arm embedded toolchain/9 2020-q2-update/bin/../lib/gcc/arm-none-eabi/9.3.1/../../../../arm-none-eabi/lib/thumb/v7e-m+fp/hard\libc_nano.a(lib_a-init.o)
                0x08005848                __libc_init_array
 .text.malloc   0x08005890       0x10 c:/program files (x86)/gnu arm embedded toolchain/9 2020-q2-update/bin/../lib/gcc/arm-none-eabi/9.3.1/../../../../arm-none-eabi/lib/thumb/v7e-m+fp/hard\libc_nano.a(lib_a-malloc.o)
                0x08005890                malloc
 .text.free     0x080058a0       0x10 c:/program files (x86)/gnu arm embedded toolchain/9 2020-q2-update/bin/../lib/gcc/arm-none-eabi/9.3.1/../../../../arm-none-eabi/lib/thumb/v7e-m+fp/hard\libc_nano.a(lib_a-malloc.o)
                0x080058a0                free
 .text.memcmp   0x080058b0       0x1c c:/program files (x86)/gnu arm embedded toolchain/9 2020-q2-update/bin/../lib/gcc/arm-none-eabi/9.3.1/../../../../arm-none-eabi/lib/thumb/v7e-m+fp/hard\libc_nano.a(lib_a-memcmp.o)
                0x080058b0                memcmp
 .text.memcpy   0x080058cc       0x1c c:/program files (x86)/gnu arm embedded toolchain/9 2020-q2-update/bin/../lib/gcc/arm-none-eabi/9.3.1/../../../../arm-none-eabi/lib/thumb/v7e-m+fp/hard\libc_nano.a(lib_a-memcpy-stub.o)
                0x080058cc                memcpy
 .text.memset   0x080058e8       0x10 c:/program files (x86)/gnu arm embedded toolchain/9 2020-q2-update/bin/../lib/gcc/arm-none-eabi/9.3.1/../../../../arm-none-eabi/lib/thumb/v7e-m+fp/hard\libc_nano.a(lib_a-memset.o)
                0x080058e8                memset
 .text._free_r  0x080058f8       0xa0 c:/program files (x86)/gnu arm embedded toolchain/9 2020-q2-update/bin/../lib/gcc/arm-none-eabi/9.3.1/../../../../arm-none-eabi/lib/thumb/v7e-m+fp/hard\libc_nano.a(lib_a-nano-freer.o)
                0x080058f8                _free_r
 .text._malloc_r
                0x08005998       0xb4 c:/program files (x86)/gnu arm embedded toolchain/9 2020-q2-update/bin/../lib/gcc/arm-none-eabi/9.3.1/../../../../arm-none-eabi/lib/thumb/v7e-m+fp/hard\libc_nano.a(lib_a-nano-mallocr.o)
                0x08005998                _malloc_r
 .text._sbrk_r  0x08005a4c       0x20 c:/program files (x86)/gnu arm embedded toolchain/9 2020-q2-update/bin/../lib/gcc/arm-none-eabi/9.3.1/../../../../arm-none-eabi/lib/thumb/v7e-m+fp/hard\libc_nano.a(lib_a-sbrkr.o)
                0x08005a4c                _sbrk_r
 .text._vsprintf_r
                0x08005a6c       0x2c c:/program files (x86)/gnu arm embedded toolchain/9 2020-q2-update/bin/../lib/gcc/arm-none-eabi/9.3.1/../../../../arm-none-eabi/lib/thumb/v7e-m+fp/hard\libc_nano.a(lib_a-vsprintf.o)
                0x08005a6c                _vsprintf_r
                0x08005a6c                _vsiprintf_r
 .text.vsprintf
                0x08005a98       0x14 c:/program files (x86)/gnu arm embedded toolchain/9 2020-q2-update/bin/../lib/gcc/arm-none-eabi/9.3.1/../../../../arm-none-eabi/lib/thumb/v7e-m+fp/hard\libc_nano.a(lib_a-vsprintf.o)
                0x08005a98                vsiprintf
                0x08005a98                vsprintf
 .text.__malloc_lock
                0x08005aac        0xc c:/program files (x86)/gnu arm embedded toolchain/9 2020-q2-update/bin/../lib/gcc/arm-none-eabi/9.3.1/../../../../arm-none-eabi/lib/thumb/v7e-m+fp/hard\libc_nano.a(lib_a-mlock.o)
                0x08005aac                __malloc_lock
 .text.__malloc_unlock
                0x08005ab8        0xc c:/program files (x86)/gnu arm embedded toolchain/9 2020-q2-update/bin/../lib/gcc/arm-none-eabi/9.3.1/../../../../arm-none-eabi/lib/thumb/v7e-m+fp/hard\libc_nano.a(lib_a-mlock.o)
                0x08005ab8                __malloc_unlock
 .text.__ssputs_r
                0x08005ac4       0xb6 c:/program files (x86)/gnu arm embedded toolchain/9 2020-q2-update/bin/../lib/gcc/arm-none-eabi/9.3.1/../../../../arm-none-eabi/lib/thumb/v7e-m+fp/hard\libc_nano.a(lib_a-nano-svfprintf.o)
                0x08005ac4                __ssputs_r
 *fill*         0x08005b7a        0x2 
 .text._svfprintf_r
                0x08005b7c      0x200 c:/program files (x86)/gnu arm embedded toolchain/9 2020-q2-update/bin/../lib/gcc/arm-none-eabi/9.3.1/../../../../arm-none-eabi/lib/thumb/v7e-m+fp/hard\libc_nano.a(lib_a-nano-svfprintf.o)
                0x08005b7c                _svfiprintf_r
                0x08005b7c                _svfprintf_r
 .text._printf_common
                0x08005d7c       0xda c:/program files (x86)/gnu arm embedded toolchain/9 2020-q2-update/bin/../lib/gcc/arm-none-eabi/9.3.1/../../../../arm-none-eabi/lib/thumb/v7e-m+fp/hard\libc_nano.a(lib_a-nano-vfprintf_i.o)
                0x08005d7c                _printf_common
 *fill*         0x08005e56        0x2 
 .text._printf_i
                0x08005e58      0x24c c:/program files (x86)/gnu arm embedded toolchain/9 2020-q2-update/bin/../lib/gcc/arm-none-eabi/9.3.1/../../../../arm-none-eabi/lib/thumb/v7e-m+fp/hard\libc_nano.a(lib_a-nano-vfprintf_i.o)
                0x08005e58                _printf_i
 .text.__retarget_lock_acquire_recursive
                0x080060a4        0x2 c:/program files (x86)/gnu arm embedded toolchain/9 2020-q2-update/bin/../lib/gcc/arm-none-eabi/9.3.1/../../../../arm-none-eabi/lib/thumb/v7e-m+fp/hard\libc_nano.a(lib_a-lock.o)
                0x080060a4                __retarget_lock_acquire_recursive
 .text.__retarget_lock_release_recursive
                0x080060a6        0x2 c:/program files (x86)/gnu arm embedded toolchain/9 2020-q2-update/bin/../lib/gcc/arm-none-eabi/9.3.1/../../../../arm-none-eabi/lib/thumb/v7e-m+fp/hard\libc_nano.a(lib_a-lock.o)
                0x080060a6                __retarget_lock_release_recursive
 .text.memmove  0x080060a8       0x34 c:/program files (x86)/gnu arm embedded toolchain/9 2020-q2-update/bin/../lib/gcc/arm-none-eabi/9.3.1/../../../../arm-none-eabi/lib/thumb/v7e-m+fp/hard\libc_nano.a(lib_a-memmove.o)
                0x080060a8                memmove
 .text._realloc_r
                0x080060dc       0x4c c:/program files (x86)/gnu arm embedded toolchain/9 2020-q2-update/bin/../lib/gcc/arm-none-eabi/9.3.1/../../../../arm-none-eabi/lib/thumb/v7e-m+fp/hard\libc_nano.a(lib_a-nano-reallocr.o)
                0x080060dc                _realloc_r
 .text._malloc_usable_size_r
                0x08006128       0x10 c:/program files (x86)/gnu arm embedded toolchain/9 2020-q2-update/bin/../lib/gcc/arm-none-eabi/9.3.1/../../../../arm-none-eabi/lib/thumb/v7e-m+fp/hard\libc_nano.a(lib_a-nano-msizer.o)
                0x08006128                _malloc_usable_size_r
 .text._sbrk    0x08006138       0x1c c:/program files (x86)/gnu arm embedded toolchain/9 2020-q2-update/bin/../lib/gcc/arm-none-eabi/9.3.1/../../../../arm-none-eabi/lib/thumb/v7e-m+fp/hard\libnosys.a(sbrk.o)
                0x08006138                _sbrk
 *(.glue_7)
 .glue_7        0x08006154        0x0 linker stubs
 *(.glue_7t)
 .glue_7t       0x08006154        0x0 linker stubs
 *(.eh_frame)
 .eh_frame      0x08006154        0x0 c:/program files (x86)/gnu arm embedded toolchain/9 2020-q2-update/bin/../lib/gcc/arm-none-eabi/9.3.1/thumb/v7e-m+fp/hard/crtbegin.o
 *(.init)
 .init          0x08006154        0x4 c:/program files (x86)/gnu arm embedded toolchain/9 2020-q2-update/bin/../lib/gcc/arm-none-eabi/9.3.1/thumb/v7e-m+fp/hard/crti.o
                0x08006154                _init
 .init          0x08006158        0x8 c:/program files (x86)/gnu arm embedded toolchain/9 2020-q2-update/bin/../lib/gcc/arm-none-eabi/9.3.1/thumb/v7e-m+fp/hard/crtn.o
 *(.fini)
 .fini          0x08006160        0x4 c:/program files (x86)/gnu arm embedded toolchain/9 2020-q2-update/bin/../lib/gcc/arm-none-eabi/9.3.1/thumb/v7e-m+fp/hard/crti.o
                0x08006160                _fini
 .fini          0x08006164        0x8 c:/program files (x86)/gnu arm embedded toolchain/9 2020-q2-update/bin/../lib/gcc/arm-none-eabi/9.3.1/thumb/v7e-m+fp/hard/crtn.o
                0x08006170                . = ALIGN (0x8)
 *fill*         0x0800616c        0x4 
                0x08006170                _etext = .

.vfp11_veneer   0x08006170        0x0
 .vfp11_veneer  0x08006170        0x0 linker stubs

.v4_bx          0x08006170        0x0
 .v4_bx         0x08006170        0x0 linker stubs

.iplt           0x08006170        0x0
 .iplt          0x08006170        0x0 c:/program files (x86)/gnu arm embedded toolchain/9 2020-q2-update/bin/../lib/gcc/arm-none-eabi/9.3.1/thumb/v7e-m+fp/hard/crtbegin.o

.rodata         0x08006170      0x980
                0x08006170                . = ALIGN (0x8)
 *(.rodata)
 .rodata        0x08006170        0x5 build/SD_Card_Drive.o
 *(.rodata*)
 *fill*         0x08006175        0x3 
 .rodata.main.str1.4
                0x08006178       0x29 build/main.o
 *fill*         0x080061a1        0x3 
 .rodata.PrintMemoryMap.str1.4
                0x080061a4       0x59 build/usart.o
                                 0x5d (size before relaxing)
 *fill*         0x080061fd        0x3 
 .rodata.str1.4
                0x08006200      0x461 build/usart.o
 *fill*         0x08006661        0x3 
 .rodata.AHBPrescTable
                0x08006664       0x10 build/system_stm32l4xx.o
                0x08006664                AHBPrescTable
 .rodata.APBPrescTable
                0x08006674        0x8 build/system_stm32l4xx.o
                0x08006674                APBPrescTable
 .rodata.MSIRangeTable
                0x0800667c       0x30 build/system_stm32l4xx.o
                0x0800667c                MSIRangeTable
 .rodata.create_name.str1.4
                0x080066ac        0xf build/ff.o
 *fill*         0x080066bb        0x1 
 .rodata.ExCvt  0x080066bc       0x80 build/ff.o
 .rodata.IS25LP128_Init.str1.4
                0x0800673c       0xa4 build/IS25.o
 .rodata.Flasher_Init.str1.4
                0x080067e0       0x51 build/Flasher.o
 *fill*         0x08006831        0x3 
 .rodata.SDCard_Init.str1.4
                0x08006834      0x171 build/SD_Card_APP.o
 *fill*         0x080069a5        0x3 
 .rodata.SDCard_BMP_SD2IS25.str1.4
                0x080069a8       0x54 build/SD_Card_APP.o
 .rodata.SDCard_bin.str1.4
                0x080069fc       0xbc build/SD_Card_APP.o
 .rodata._svfprintf_r.str1.1
                0x08006ab8       0x11 c:/program files (x86)/gnu arm embedded toolchain/9 2020-q2-update/bin/../lib/gcc/arm-none-eabi/9.3.1/../../../../arm-none-eabi/lib/thumb/v7e-m+fp/hard\libc_nano.a(lib_a-nano-svfprintf.o)
 .rodata._printf_i.str1.1
                0x08006ac9       0x22 c:/program files (x86)/gnu arm embedded toolchain/9 2020-q2-update/bin/../lib/gcc/arm-none-eabi/9.3.1/../../../../arm-none-eabi/lib/thumb/v7e-m+fp/hard\libc_nano.a(lib_a-nano-vfprintf_i.o)
                0x08006af0                . = ALIGN (0x8)
 *fill*         0x08006aeb        0x5 

.ARM.extab      0x08006af0        0x0
                0x08006af0                . = ALIGN (0x8)
 *(.ARM.extab* .gnu.linkonce.armextab.*)
                0x08006af0                . = ALIGN (0x8)

.ARM            0x08006af0        0x8
                0x08006af0                . = ALIGN (0x8)
                0x08006af0                __exidx_start = .
 *(.ARM.exidx*)
 .ARM.exidx     0x08006af0        0x8 c:/program files (x86)/gnu arm embedded toolchain/9 2020-q2-update/bin/../lib/gcc/arm-none-eabi/9.3.1/thumb/v7e-m+fp/hard\libgcc.a(_udivmoddi4.o)
                0x08006af8                __exidx_end = .
                0x08006af8                . = ALIGN (0x8)

.rel.dyn        0x08006af8        0x0
 .rel.iplt      0x08006af8        0x0 c:/program files (x86)/gnu arm embedded toolchain/9 2020-q2-update/bin/../lib/gcc/arm-none-eabi/9.3.1/thumb/v7e-m+fp/hard/crtbegin.o

.preinit_array  0x08006af8        0x0
                0x08006af8                . = ALIGN (0x8)
                0x08006af8                PROVIDE (__preinit_array_start = .)
 *(.preinit_array*)
                0x08006af8                PROVIDE (__preinit_array_end = .)
                0x08006af8                . = ALIGN (0x8)

.init_array     0x08006af8        0x8
                0x08006af8                . = ALIGN (0x8)
                0x08006af8                PROVIDE (__init_array_start = .)
 *(SORT_BY_NAME(.init_array.*))
 *(.init_array*)
 .init_array    0x08006af8        0x4 c:/program files (x86)/gnu arm embedded toolchain/9 2020-q2-update/bin/../lib/gcc/arm-none-eabi/9.3.1/thumb/v7e-m+fp/hard/crtbegin.o
                0x08006afc                PROVIDE (__init_array_end = .)
                0x08006b00                . = ALIGN (0x8)
 *fill*         0x08006afc        0x4 

.fini_array     0x08006b00        0x8
                0x08006b00                . = ALIGN (0x8)
                [!provide]                PROVIDE (__fini_array_start = .)
 *(SORT_BY_NAME(.fini_array.*))
 *(.fini_array*)
 .fini_array    0x08006b00        0x4 c:/program files (x86)/gnu arm embedded toolchain/9 2020-q2-update/bin/../lib/gcc/arm-none-eabi/9.3.1/thumb/v7e-m+fp/hard/crtbegin.o
                [!provide]                PROVIDE (__fini_array_end = .)
                0x08006b08                . = ALIGN (0x8)
 *fill*         0x08006b04        0x4 
                0x08006b08                _sidata = LOADADDR (.data)

.data           0x20000000      0x128 load address 0x08006b08
                0x20000000                . = ALIGN (0x8)
                0x20000000                _sdata = .
 *(.data)
 *(.data*)
 .data.Stat     0x20000000        0x1 build/user_diskio.o
 *fill*         0x20000001        0x3 
 .data.USER_Driver
                0x20000004       0x14 build/user_diskio.o
                0x20000004                USER_Driver
 .data.FRESULTStr
                0x20000018       0x50 build/usart.o
                0x20000018                FRESULTStr
 .data.uwTickFreq
                0x20000068        0x4 build/stm32l4xx_hal.o
                0x20000068                uwTickFreq
 .data.uwTickPrio
                0x2000006c        0x4 build/stm32l4xx_hal.o
                0x2000006c                uwTickPrio
 .data.SystemCoreClock
                0x20000070        0x4 build/system_stm32l4xx.o
                0x20000070                SystemCoreClock
 .data.lineNum2AddressLen
                0x20000074       0x10 build/Myquadspi.o
                0x20000074                lineNum2AddressLen
 .data.lineNum2AddressMode
                0x20000084       0x14 build/Myquadspi.o
                0x20000084                lineNum2AddressMode
 .data.lineNum2DataMode
                0x20000098       0x14 build/Myquadspi.o
                0x20000098                lineNum2DataMode
 .data.lineNum2InstructionMode
                0x200000ac       0x14 build/Myquadspi.o
                0x200000ac                lineNum2InstructionMode
 .data._impure_ptr
                0x200000c0        0x4 c:/program files (x86)/gnu arm embedded toolchain/9 2020-q2-update/bin/../lib/gcc/arm-none-eabi/9.3.1/../../../../arm-none-eabi/lib/thumb/v7e-m+fp/hard\libc_nano.a(lib_a-impure.o)
                0x200000c0                _impure_ptr
 .data.impure_data
                0x200000c4       0x60 c:/program files (x86)/gnu arm embedded toolchain/9 2020-q2-update/bin/../lib/gcc/arm-none-eabi/9.3.1/../../../../arm-none-eabi/lib/thumb/v7e-m+fp/hard\libc_nano.a(lib_a-impure.o)
                0x20000128                . = ALIGN (0x8)
 *fill*         0x20000124        0x4 
                0x20000128                _edata = .

.igot.plt       0x20000128        0x0 load address 0x08006c30
 .igot.plt      0x20000128        0x0 c:/program files (x86)/gnu arm embedded toolchain/9 2020-q2-update/bin/../lib/gcc/arm-none-eabi/9.3.1/thumb/v7e-m+fp/hard/crtbegin.o
                0x20000128                . = ALIGN (0x4)

.bss            0x20000128      0x6e0 load address 0x08006c30
                0x20000128                _sbss = .
                0x20000128                __bss_start__ = _sbss
 *(.bss)
 .bss           0x20000128       0x1c c:/program files (x86)/gnu arm embedded toolchain/9 2020-q2-update/bin/../lib/gcc/arm-none-eabi/9.3.1/thumb/v7e-m+fp/hard/crtbegin.o
 *(.bss*)
 .bss.FatFs     0x20000144        0x4 build/ff.o
 .bss.Files     0x20000148       0x20 build/ff.o
 .bss.Fsid      0x20000168        0x2 build/ff.o
 *fill*         0x2000016a        0x2 
 .bss.disk      0x2000016c        0xc build/ff_gen_drv.o
                0x2000016c                disk
 .bss.pData     0x20000178        0x4 build/Myquadspi.o
                0x20000178                pData
 .bss.LED_Mode  0x2000017c        0x4 build/Flasher.o
                0x2000017c                LED_Mode
 .bss.LED_Mode_old
                0x20000180        0x4 build/Flasher.o
                0x20000180                LED_Mode_old
 .bss.blink_mode
                0x20000184        0x4 build/Flasher.o
                0x20000184                blink_mode
 .bss.SdStatus  0x20000188        0x1 build/SD_Card_Drive.o
                0x20000188                SdStatus
 *fill*         0x20000189        0x1 
 .bss.flag_SDHC
                0x2000018a        0x2 build/SD_Card_Drive.o
                0x2000018a                flag_SDHC
 .bss.__malloc_free_list
                0x2000018c        0x4 c:/program files (x86)/gnu arm embedded toolchain/9 2020-q2-update/bin/../lib/gcc/arm-none-eabi/9.3.1/../../../../arm-none-eabi/lib/thumb/v7e-m+fp/hard\libc_nano.a(lib_a-nano-mallocr.o)
                0x2000018c                __malloc_free_list
 .bss.__malloc_sbrk_start
                0x20000190        0x4 c:/program files (x86)/gnu arm embedded toolchain/9 2020-q2-update/bin/../lib/gcc/arm-none-eabi/9.3.1/../../../../arm-none-eabi/lib/thumb/v7e-m+fp/hard\libc_nano.a(lib_a-nano-mallocr.o)
                0x20000190                __malloc_sbrk_start
 .bss.heap_end.5507
                0x20000194        0x4 c:/program files (x86)/gnu arm embedded toolchain/9 2020-q2-update/bin/../lib/gcc/arm-none-eabi/9.3.1/../../../../arm-none-eabi/lib/thumb/v7e-m+fp/hard\libnosys.a(sbrk.o)
 *(COMMON)
 COMMON         0x20000198      0x468 build/fatfs.o
                0x20000198                USERPath
                0x2000019c                retUSER
                0x200001a0                USERFile
                0x200003d0                USERFatFS
 COMMON         0x20000600       0x4c build/quadspi.o
                0x20000600                hqspi
 COMMON         0x2000064c       0x64 build/spi.o
                0x2000064c                hspi1
 COMMON         0x200006b0       0x40 build/tim.o
                0x200006b0                htim1
 COMMON         0x200006f0       0x80 build/usart.o
                0x200006f0                huart1
 COMMON         0x20000770        0x4 build/stm32l4xx_hal.o
                0x20000770                uwTick
 COMMON         0x20000774       0x38 build/Myquadspi.o
                0x20000774                sCommand
 COMMON         0x200007ac        0x3 build/IS25.o
                0x200007ac                ID_REG
 *fill*         0x200007af        0x1 
 COMMON         0x200007b0       0x48 build/SD_Card_APP.o
                0x200007b0                USERDirectory
                0x200007e0                USERFileInfo
 COMMON         0x200007f8        0x4 c:/program files (x86)/gnu arm embedded toolchain/9 2020-q2-update/bin/../lib/gcc/arm-none-eabi/9.3.1/../../../../arm-none-eabi/lib/thumb/v7e-m+fp/hard\libc_nano.a(lib_a-reent.o)
                0x200007f8                errno
 COMMON         0x200007fc        0x9 c:/program files (x86)/gnu arm embedded toolchain/9 2020-q2-update/bin/../lib/gcc/arm-none-eabi/9.3.1/../../../../arm-none-eabi/lib/thumb/v7e-m+fp/hard\libc_nano.a(lib_a-lock.o)
                0x200007fc                __lock___atexit_recursive_mutex
                0x200007fd                __lock___arc4random_mutex
                0x200007fe                __lock___env_recursive_mutex
                0x200007ff                __lock___sinit_recursive_mutex
                0x20000800                __lock___malloc_recursive_mutex
                0x20000801                __lock___at_quick_exit_mutex
                0x20000802                __lock___dd_hash_mutex
                0x20000803                __lock___tz_mutex
                0x20000804                __lock___sfp_recursive_mutex
                0x20000808                . = ALIGN (0x4)
 *fill*         0x20000805        0x3 
                0x20000808                _ebss = .
                0x20000808                __bss_end__ = _ebss

._user_heap_stack
                0x20000808     0x4000 load address 0x08006c30
                0x20000808                . = ALIGN (0x8)
                0x20000808                PROVIDE (end = .)
                [!provide]                PROVIDE (_end = .)
                0x20002808                . = (. + _Min_Heap_Size)
 *fill*         0x20000808     0x2000 
                0x20004808                . = (. + _Min_Stack_Size)
 *fill*         0x20002808     0x2000 
                0x20004808                . = ALIGN (0x8)

/DISCARD/
 libc.a(*)
 libm.a(*)
 libgcc.a(*)

.ARM.attributes
                0x00000000       0x30
 *(.ARM.attributes)
 .ARM.attributes
                0x00000000       0x1e c:/program files (x86)/gnu arm embedded toolchain/9 2020-q2-update/bin/../lib/gcc/arm-none-eabi/9.3.1/thumb/v7e-m+fp/hard/crti.o
 .ARM.attributes
                0x0000001e       0x34 c:/program files (x86)/gnu arm embedded toolchain/9 2020-q2-update/bin/../lib/gcc/arm-none-eabi/9.3.1/thumb/v7e-m+fp/hard/crtbegin.o
 .ARM.attributes
                0x00000052       0x34 build/main.o
 .ARM.attributes
                0x00000086       0x34 build/gpio.o
 .ARM.attributes
                0x000000ba       0x34 build/user_diskio.o
 .ARM.attributes
                0x000000ee       0x34 build/fatfs.o
 .ARM.attributes
                0x00000122       0x34 build/quadspi.o
 .ARM.attributes
                0x00000156       0x34 build/spi.o
 .ARM.attributes
                0x0000018a       0x34 build/tim.o
 .ARM.attributes
                0x000001be       0x34 build/usart.o
 .ARM.attributes
                0x000001f2       0x34 build/stm32l4xx_it.o
 .ARM.attributes
                0x00000226       0x34 build/stm32l4xx_hal_msp.o
 .ARM.attributes
                0x0000025a       0x34 build/stm32l4xx_hal.o
 .ARM.attributes
                0x0000028e       0x34 build/stm32l4xx_hal_rcc.o
 .ARM.attributes
                0x000002c2       0x34 build/stm32l4xx_hal_rcc_ex.o
 .ARM.attributes
                0x000002f6       0x34 build/stm32l4xx_hal_gpio.o
 .ARM.attributes
                0x0000032a       0x34 build/stm32l4xx_hal_pwr_ex.o
 .ARM.attributes
                0x0000035e       0x34 build/stm32l4xx_hal_cortex.o
 .ARM.attributes
                0x00000392       0x34 build/stm32l4xx_hal_qspi.o
 .ARM.attributes
                0x000003c6       0x34 build/stm32l4xx_hal_spi.o
 .ARM.attributes
                0x000003fa       0x34 build/stm32l4xx_hal_tim.o
 .ARM.attributes
                0x0000042e       0x34 build/stm32l4xx_hal_tim_ex.o
 .ARM.attributes
                0x00000462       0x34 build/stm32l4xx_hal_uart.o
 .ARM.attributes
                0x00000496       0x34 build/system_stm32l4xx.o
 .ARM.attributes
                0x000004ca       0x34 build/diskio.o
 .ARM.attributes
                0x000004fe       0x34 build/ff.o
 .ARM.attributes
                0x00000532       0x34 build/ff_gen_drv.o
 .ARM.attributes
                0x00000566       0x34 build/Myquadspi.o
 .ARM.attributes
                0x0000059a       0x34 build/IS25.o
 .ARM.attributes
                0x000005ce       0x34 build/Flasher.o
 .ARM.attributes
                0x00000602       0x34 build/SD_Card_APP.o
 .ARM.attributes
                0x00000636       0x34 build/SD_Card_Drive.o
 .ARM.attributes
                0x0000066a       0x34 build/SD_Card_Interface.o
 .ARM.attributes
                0x0000069e       0x21 build/startup_stm32l412xx.o
 .ARM.attributes
                0x000006bf       0x32 c:/program files (x86)/gnu arm embedded toolchain/9 2020-q2-update/bin/../lib/gcc/arm-none-eabi/9.3.1/../../../../arm-none-eabi/lib/thumb/v7e-m+fp/hard\libc_nano.a(lib_a-impure.o)
 .ARM.attributes
                0x000006f1       0x34 c:/program files (x86)/gnu arm embedded toolchain/9 2020-q2-update/bin/../lib/gcc/arm-none-eabi/9.3.1/../../../../arm-none-eabi/lib/thumb/v7e-m+fp/hard\libc_nano.a(lib_a-init.o)
 .ARM.attributes
                0x00000725       0x34 c:/program files (x86)/gnu arm embedded toolchain/9 2020-q2-update/bin/../lib/gcc/arm-none-eabi/9.3.1/../../../../arm-none-eabi/lib/thumb/v7e-m+fp/hard\libc_nano.a(lib_a-malloc.o)
 .ARM.attributes
                0x00000759       0x34 c:/program files (x86)/gnu arm embedded toolchain/9 2020-q2-update/bin/../lib/gcc/arm-none-eabi/9.3.1/../../../../arm-none-eabi/lib/thumb/v7e-m+fp/hard\libc_nano.a(lib_a-memcmp.o)
 .ARM.attributes
                0x0000078d       0x34 c:/program files (x86)/gnu arm embedded toolchain/9 2020-q2-update/bin/../lib/gcc/arm-none-eabi/9.3.1/../../../../arm-none-eabi/lib/thumb/v7e-m+fp/hard\libc_nano.a(lib_a-memcpy-stub.o)
 .ARM.attributes
                0x000007c1       0x34 c:/program files (x86)/gnu arm embedded toolchain/9 2020-q2-update/bin/../lib/gcc/arm-none-eabi/9.3.1/../../../../arm-none-eabi/lib/thumb/v7e-m+fp/hard\libc_nano.a(lib_a-memset.o)
 .ARM.attributes
                0x000007f5       0x34 c:/program files (x86)/gnu arm embedded toolchain/9 2020-q2-update/bin/../lib/gcc/arm-none-eabi/9.3.1/../../../../arm-none-eabi/lib/thumb/v7e-m+fp/hard\libc_nano.a(lib_a-nano-freer.o)
 .ARM.attributes
                0x00000829       0x34 c:/program files (x86)/gnu arm embedded toolchain/9 2020-q2-update/bin/../lib/gcc/arm-none-eabi/9.3.1/../../../../arm-none-eabi/lib/thumb/v7e-m+fp/hard\libc_nano.a(lib_a-nano-mallocr.o)
 .ARM.attributes
                0x0000085d       0x34 c:/program files (x86)/gnu arm embedded toolchain/9 2020-q2-update/bin/../lib/gcc/arm-none-eabi/9.3.1/../../../../arm-none-eabi/lib/thumb/v7e-m+fp/hard\libc_nano.a(lib_a-sbrkr.o)
 .ARM.attributes
                0x00000891       0x17 c:/program files (x86)/gnu arm embedded toolchain/9 2020-q2-update/bin/../lib/gcc/arm-none-eabi/9.3.1/../../../../arm-none-eabi/lib/thumb/v7e-m+fp/hard\libc_nano.a(lib_a-strlen.o)
 .ARM.attributes
                0x000008a8       0x34 c:/program files (x86)/gnu arm embedded toolchain/9 2020-q2-update/bin/../lib/gcc/arm-none-eabi/9.3.1/../../../../arm-none-eabi/lib/thumb/v7e-m+fp/hard\libc_nano.a(lib_a-vsprintf.o)
 .ARM.attributes
                0x000008dc       0x34 c:/program files (x86)/gnu arm embedded toolchain/9 2020-q2-update/bin/../lib/gcc/arm-none-eabi/9.3.1/../../../../arm-none-eabi/lib/thumb/v7e-m+fp/hard\libc_nano.a(lib_a-mlock.o)
 .ARM.attributes
                0x00000910       0x34 c:/program files (x86)/gnu arm embedded toolchain/9 2020-q2-update/bin/../lib/gcc/arm-none-eabi/9.3.1/../../../../arm-none-eabi/lib/thumb/v7e-m+fp/hard\libc_nano.a(lib_a-nano-svfprintf.o)
 .ARM.attributes
                0x00000944       0x34 c:/program files (x86)/gnu arm embedded toolchain/9 2020-q2-update/bin/../lib/gcc/arm-none-eabi/9.3.1/../../../../arm-none-eabi/lib/thumb/v7e-m+fp/hard\libc_nano.a(lib_a-nano-vfprintf_i.o)
 .ARM.attributes
                0x00000978       0x34 c:/program files (x86)/gnu arm embedded toolchain/9 2020-q2-update/bin/../lib/gcc/arm-none-eabi/9.3.1/../../../../arm-none-eabi/lib/thumb/v7e-m+fp/hard\libc_nano.a(lib_a-reent.o)
 .ARM.attributes
                0x000009ac       0x34 c:/program files (x86)/gnu arm embedded toolchain/9 2020-q2-update/bin/../lib/gcc/arm-none-eabi/9.3.1/../../../../arm-none-eabi/lib/thumb/v7e-m+fp/hard\libc_nano.a(lib_a-lock.o)
 .ARM.attributes
                0x000009e0       0x1c c:/program files (x86)/gnu arm embedded toolchain/9 2020-q2-update/bin/../lib/gcc/arm-none-eabi/9.3.1/../../../../arm-none-eabi/lib/thumb/v7e-m+fp/hard\libc_nano.a(lib_a-memchr.o)
 .ARM.attributes
                0x000009fc       0x34 c:/program files (x86)/gnu arm embedded toolchain/9 2020-q2-update/bin/../lib/gcc/arm-none-eabi/9.3.1/../../../../arm-none-eabi/lib/thumb/v7e-m+fp/hard\libc_nano.a(lib_a-memmove.o)
 .ARM.attributes
                0x00000a30       0x34 c:/program files (x86)/gnu arm embedded toolchain/9 2020-q2-update/bin/../lib/gcc/arm-none-eabi/9.3.1/../../../../arm-none-eabi/lib/thumb/v7e-m+fp/hard\libc_nano.a(lib_a-nano-reallocr.o)
 .ARM.attributes
                0x00000a64       0x34 c:/program files (x86)/gnu arm embedded toolchain/9 2020-q2-update/bin/../lib/gcc/arm-none-eabi/9.3.1/../../../../arm-none-eabi/lib/thumb/v7e-m+fp/hard\libc_nano.a(lib_a-nano-msizer.o)
 .ARM.attributes
                0x00000a98       0x34 c:/program files (x86)/gnu arm embedded toolchain/9 2020-q2-update/bin/../lib/gcc/arm-none-eabi/9.3.1/../../../../arm-none-eabi/lib/thumb/v7e-m+fp/hard\libnosys.a(sbrk.o)
 .ARM.attributes
                0x00000acc       0x1e c:/program files (x86)/gnu arm embedded toolchain/9 2020-q2-update/bin/../lib/gcc/arm-none-eabi/9.3.1/thumb/v7e-m+fp/hard\libgcc.a(_aeabi_uldivmod.o)
 .ARM.attributes
                0x00000aea       0x34 c:/program files (x86)/gnu arm embedded toolchain/9 2020-q2-update/bin/../lib/gcc/arm-none-eabi/9.3.1/thumb/v7e-m+fp/hard\libgcc.a(_udivmoddi4.o)
 .ARM.attributes
                0x00000b1e       0x1e c:/program files (x86)/gnu arm embedded toolchain/9 2020-q2-update/bin/../lib/gcc/arm-none-eabi/9.3.1/thumb/v7e-m+fp/hard\libgcc.a(_dvmd_tls.o)
 .ARM.attributes
                0x00000b3c       0x1e c:/program files (x86)/gnu arm embedded toolchain/9 2020-q2-update/bin/../lib/gcc/arm-none-eabi/9.3.1/thumb/v7e-m+fp/hard/crtn.o
OUTPUT(build/SB-e-paper.elf elf32-littlearm)
LOAD linker stubs
LOAD c:/program files (x86)/gnu arm embedded toolchain/9 2020-q2-update/bin/../lib/gcc/arm-none-eabi/9.3.1/../../../../arm-none-eabi/lib/thumb/v7e-m+fp/hard\libc.a
LOAD c:/program files (x86)/gnu arm embedded toolchain/9 2020-q2-update/bin/../lib/gcc/arm-none-eabi/9.3.1/../../../../arm-none-eabi/lib/thumb/v7e-m+fp/hard\libm.a
LOAD c:/program files (x86)/gnu arm embedded toolchain/9 2020-q2-update/bin/../lib/gcc/arm-none-eabi/9.3.1/thumb/v7e-m+fp/hard\libgcc.a

.debug_info     0x00000000    0x2ed96
 .debug_info    0x00000000     0x258b build/main.o
 .debug_info    0x0000258b      0x831 build/gpio.o
 .debug_info    0x00002dbc     0x1579 build/user_diskio.o
 .debug_info    0x00004335     0x1113 build/fatfs.o
 .debug_info    0x00005448      0xd83 build/quadspi.o
 .debug_info    0x000061cb      0xdc5 build/spi.o
 .debug_info    0x00006f90      0xf99 build/tim.o
 .debug_info    0x00007f29     0x1cad build/usart.o
 .debug_info    0x00009bd6     0x1707 build/stm32l4xx_it.o
 .debug_info    0x0000b2dd      0x59c build/stm32l4xx_hal_msp.o
 .debug_info    0x0000b879      0xcea build/stm32l4xx_hal.o
 .debug_info    0x0000c563     0x11d1 build/stm32l4xx_hal_rcc.o
 .debug_info    0x0000d734     0x126f build/stm32l4xx_hal_rcc_ex.o
 .debug_info    0x0000e9a3      0xb2e build/stm32l4xx_hal_gpio.o
 .debug_info    0x0000f4d1      0xd84 build/stm32l4xx_hal_pwr_ex.o
 .debug_info    0x00010255     0x12e4 build/stm32l4xx_hal_cortex.o
 .debug_info    0x00011539     0x1bff build/stm32l4xx_hal_qspi.o
 .debug_info    0x00013138     0x241b build/stm32l4xx_hal_spi.o
 .debug_info    0x00015553     0x3c0f build/stm32l4xx_hal_tim.o
 .debug_info    0x00019162     0x1b9c build/stm32l4xx_hal_tim_ex.o
 .debug_info    0x0001acfe     0x239c build/stm32l4xx_hal_uart.o
 .debug_info    0x0001d09a      0x837 build/system_stm32l4xx.o
 .debug_info    0x0001d8d1     0x10a5 build/diskio.o
 .debug_info    0x0001e976     0x528b build/ff.o
 .debug_info    0x00023c01      0xff2 build/ff_gen_drv.o
 .debug_info    0x00024bf3     0x18ce build/Myquadspi.o
 .debug_info    0x000264c1     0x1944 build/IS25.o
 .debug_info    0x00027e05     0x1ec3 build/Flasher.o
 .debug_info    0x00029cc8     0x2228 build/SD_Card_APP.o
 .debug_info    0x0002bef0     0x22ab build/SD_Card_Drive.o
 .debug_info    0x0002e19b      0xbd9 build/SD_Card_Interface.o
 .debug_info    0x0002ed74       0x22 build/startup_stm32l412xx.o

.debug_abbrev   0x00000000     0x4eac
 .debug_abbrev  0x00000000      0x2e4 build/main.o
 .debug_abbrev  0x000002e4      0x17e build/gpio.o
 .debug_abbrev  0x00000462      0x2db build/user_diskio.o
 .debug_abbrev  0x0000073d      0x251 build/fatfs.o
 .debug_abbrev  0x0000098e      0x1f1 build/quadspi.o
 .debug_abbrev  0x00000b7f      0x1f1 build/spi.o
 .debug_abbrev  0x00000d70      0x1fc build/tim.o
 .debug_abbrev  0x00000f6c      0x34a build/usart.o
 .debug_abbrev  0x000012b6      0x231 build/stm32l4xx_it.o
 .debug_abbrev  0x000014e7      0x13c build/stm32l4xx_hal_msp.o
 .debug_abbrev  0x00001623      0x23c build/stm32l4xx_hal.o
 .debug_abbrev  0x0000185f      0x28e build/stm32l4xx_hal_rcc.o
 .debug_abbrev  0x00001aed      0x27e build/stm32l4xx_hal_rcc_ex.o
 .debug_abbrev  0x00001d6b      0x24f build/stm32l4xx_hal_gpio.o
 .debug_abbrev  0x00001fba      0x247 build/stm32l4xx_hal_pwr_ex.o
 .debug_abbrev  0x00002201      0x38a build/stm32l4xx_hal_cortex.o
 .debug_abbrev  0x0000258b      0x29c build/stm32l4xx_hal_qspi.o
 .debug_abbrev  0x00002827      0x2a4 build/stm32l4xx_hal_spi.o
 .debug_abbrev  0x00002acb      0x2af build/stm32l4xx_hal_tim.o
 .debug_abbrev  0x00002d7a      0x2ab build/stm32l4xx_hal_tim_ex.o
 .debug_abbrev  0x00003025      0x2ac build/stm32l4xx_hal_uart.o
 .debug_abbrev  0x000032d1      0x173 build/system_stm32l4xx.o
 .debug_abbrev  0x00003444      0x294 build/diskio.o
 .debug_abbrev  0x000036d8      0x397 build/ff.o
 .debug_abbrev  0x00003a6f      0x2b7 build/ff_gen_drv.o
 .debug_abbrev  0x00003d26      0x29a build/Myquadspi.o
 .debug_abbrev  0x00003fc0      0x307 build/IS25.o
 .debug_abbrev  0x000042c7      0x2db build/Flasher.o
 .debug_abbrev  0x000045a2      0x36a build/SD_Card_APP.o
 .debug_abbrev  0x0000490c      0x371 build/SD_Card_Drive.o
 .debug_abbrev  0x00004c7d      0x21d build/SD_Card_Interface.o
 .debug_abbrev  0x00004e9a       0x12 build/startup_stm32l412xx.o

.debug_loc      0x00000000    0x1855d
 .debug_loc     0x00000000       0x59 build/main.o
 .debug_loc     0x00000059       0x38 build/gpio.o
 .debug_loc     0x00000091      0x52e build/user_diskio.o
 .debug_loc     0x000005bf       0x20 build/fatfs.o
 .debug_loc     0x000005df      0x108 build/quadspi.o
 .debug_loc     0x000006e7      0x183 build/spi.o
 .debug_loc     0x0000086a      0x103 build/tim.o
 .debug_loc     0x0000096d      0x3c7 build/usart.o
 .debug_loc     0x00000d34       0x80 build/stm32l4xx_it.o
 .debug_loc     0x00000db4       0x2c build/stm32l4xx_hal_msp.o
 .debug_loc     0x00000de0      0x254 build/stm32l4xx_hal.o
 .debug_loc     0x00001034      0xa34 build/stm32l4xx_hal_rcc.o
 .debug_loc     0x00001a68      0xfcc build/stm32l4xx_hal_rcc_ex.o
 .debug_loc     0x00002a34      0x3e2 build/stm32l4xx_hal_gpio.o
 .debug_loc     0x00002e16      0x857 build/stm32l4xx_hal_pwr_ex.o
 .debug_loc     0x0000366d      0x7d4 build/stm32l4xx_hal_cortex.o
 .debug_loc     0x00003e41     0x1a17 build/stm32l4xx_hal_qspi.o
 .debug_loc     0x00005858     0x25e0 build/stm32l4xx_hal_spi.o
 .debug_loc     0x00007e38     0x494c build/stm32l4xx_hal_tim.o
 .debug_loc     0x0000c784     0x1e30 build/stm32l4xx_hal_tim_ex.o
 .debug_loc     0x0000e5b4     0x23af build/stm32l4xx_hal_uart.o
 .debug_loc     0x00010963      0x1fc build/system_stm32l4xx.o
 .debug_loc     0x00010b5f      0x323 build/diskio.o
 .debug_loc     0x00010e82     0x5cd0 build/ff.o
 .debug_loc     0x00016b52      0x311 build/ff_gen_drv.o
 .debug_loc     0x00016e63       0xfb build/Myquadspi.o
 .debug_loc     0x00016f5e      0x33e build/IS25.o
 .debug_loc     0x0001729c       0x38 build/Flasher.o
 .debug_loc     0x000172d4      0x4d3 build/SD_Card_APP.o
 .debug_loc     0x000177a7      0xaaf build/SD_Card_Drive.o
 .debug_loc     0x00018256      0x307 build/SD_Card_Interface.o

.debug_aranges  0x00000000     0x1620
 .debug_aranges
                0x00000000       0x30 build/main.o
 .debug_aranges
                0x00000030       0x20 build/gpio.o
 .debug_aranges
                0x00000050       0x40 build/user_diskio.o
 .debug_aranges
                0x00000090       0x28 build/fatfs.o
 .debug_aranges
                0x000000b8       0x30 build/quadspi.o
 .debug_aranges
                0x000000e8       0x38 build/spi.o
 .debug_aranges
                0x00000120       0x30 build/tim.o
 .debug_aranges
                0x00000150       0x58 build/usart.o
 .debug_aranges
                0x000001a8       0x78 build/stm32l4xx_it.o
 .debug_aranges
                0x00000220       0x20 build/stm32l4xx_hal_msp.o
 .debug_aranges
                0x00000240      0x108 build/stm32l4xx_hal.o
 .debug_aranges
                0x00000348       0x88 build/stm32l4xx_hal_rcc.o
 .debug_aranges
                0x000003d0       0xd0 build/stm32l4xx_hal_rcc_ex.o
 .debug_aranges
                0x000004a0       0x58 build/stm32l4xx_hal_gpio.o
 .debug_aranges
                0x000004f8      0x148 build/stm32l4xx_hal_pwr_ex.o
 .debug_aranges
                0x00000640       0xa8 build/stm32l4xx_hal_cortex.o
 .debug_aranges
                0x000006e8      0x168 build/stm32l4xx_hal_qspi.o
 .debug_aranges
                0x00000850      0x1d8 build/stm32l4xx_hal_spi.o
 .debug_aranges
                0x00000a28      0x3b8 build/stm32l4xx_hal_tim.o
 .debug_aranges
                0x00000de0      0x168 build/stm32l4xx_hal_tim_ex.o
 .debug_aranges
                0x00000f48      0x210 build/stm32l4xx_hal_uart.o
 .debug_aranges
                0x00001158       0x28 build/system_stm32l4xx.o
 .debug_aranges
                0x00001180       0x48 build/diskio.o
 .debug_aranges
                0x000011c8      0x208 build/ff.o
 .debug_aranges
                0x000013d0       0x40 build/ff_gen_drv.o
 .debug_aranges
                0x00001410       0x58 build/Myquadspi.o
 .debug_aranges
                0x00001468       0x60 build/IS25.o
 .debug_aranges
                0x000014c8       0x30 build/Flasher.o
 .debug_aranges
                0x000014f8       0x40 build/SD_Card_APP.o
 .debug_aranges
                0x00001538       0x80 build/SD_Card_Drive.o
 .debug_aranges
                0x000015b8       0x40 build/SD_Card_Interface.o
 .debug_aranges
                0x000015f8       0x28 build/startup_stm32l412xx.o

.debug_ranges   0x00000000     0x1528
 .debug_ranges  0x00000000       0x20 build/main.o
 .debug_ranges  0x00000020       0x10 build/gpio.o
 .debug_ranges  0x00000030       0x30 build/user_diskio.o
 .debug_ranges  0x00000060       0x18 build/fatfs.o
 .debug_ranges  0x00000078       0x20 build/quadspi.o
 .debug_ranges  0x00000098       0x28 build/spi.o
 .debug_ranges  0x000000c0       0x20 build/tim.o
 .debug_ranges  0x000000e0       0x48 build/usart.o
 .debug_ranges  0x00000128       0x68 build/stm32l4xx_it.o
 .debug_ranges  0x00000190       0x10 build/stm32l4xx_hal_msp.o
 .debug_ranges  0x000001a0       0xf8 build/stm32l4xx_hal.o
 .debug_ranges  0x00000298       0xb0 build/stm32l4xx_hal_rcc.o
 .debug_ranges  0x00000348       0xd8 build/stm32l4xx_hal_rcc_ex.o
 .debug_ranges  0x00000420       0x48 build/stm32l4xx_hal_gpio.o
 .debug_ranges  0x00000468      0x138 build/stm32l4xx_hal_pwr_ex.o
 .debug_ranges  0x000005a0       0xf8 build/stm32l4xx_hal_cortex.o
 .debug_ranges  0x00000698      0x158 build/stm32l4xx_hal_qspi.o
 .debug_ranges  0x000007f0      0x1c8 build/stm32l4xx_hal_spi.o
 .debug_ranges  0x000009b8      0x3a8 build/stm32l4xx_hal_tim.o
 .debug_ranges  0x00000d60      0x158 build/stm32l4xx_hal_tim_ex.o
 .debug_ranges  0x00000eb8      0x200 build/stm32l4xx_hal_uart.o
 .debug_ranges  0x000010b8       0x18 build/system_stm32l4xx.o
 .debug_ranges  0x000010d0       0x38 build/diskio.o
 .debug_ranges  0x00001108      0x1f8 build/ff.o
 .debug_ranges  0x00001300       0x30 build/ff_gen_drv.o
 .debug_ranges  0x00001330       0x48 build/Myquadspi.o
 .debug_ranges  0x00001378       0x68 build/IS25.o
 .debug_ranges  0x000013e0       0x20 build/Flasher.o
 .debug_ranges  0x00001400       0x68 build/SD_Card_APP.o
 .debug_ranges  0x00001468       0x70 build/SD_Card_Drive.o
 .debug_ranges  0x000014d8       0x30 build/SD_Card_Interface.o
 .debug_ranges  0x00001508       0x20 build/startup_stm32l412xx.o

.debug_line     0x00000000    0x18c7b
 .debug_line    0x00000000      0x59b build/main.o
 .debug_line    0x0000059b      0x2d1 build/gpio.o
 .debug_line    0x0000086c      0x4c4 build/user_diskio.o
 .debug_line    0x00000d30      0x375 build/fatfs.o
 .debug_line    0x000010a5      0x388 build/quadspi.o
 .debug_line    0x0000142d      0x410 build/spi.o
 .debug_line    0x0000183d      0x36b build/tim.o
 .debug_line    0x00001ba8      0x643 build/usart.o
 .debug_line    0x000021eb      0x418 build/stm32l4xx_it.o
 .debug_line    0x00002603      0x214 build/stm32l4xx_hal_msp.o
 .debug_line    0x00002817      0x618 build/stm32l4xx_hal.o
 .debug_line    0x00002e2f      0xfc2 build/stm32l4xx_hal_rcc.o
 .debug_line    0x00003df1      0xe53 build/stm32l4xx_hal_rcc_ex.o
 .debug_line    0x00004c44      0x6e1 build/stm32l4xx_hal_gpio.o
 .debug_line    0x00005325      0x9bd build/stm32l4xx_hal_pwr_ex.o
 .debug_line    0x00005ce2      0x7e1 build/stm32l4xx_hal_cortex.o
 .debug_line    0x000064c3     0x16be build/stm32l4xx_hal_qspi.o
 .debug_line    0x00007b81     0x2881 build/stm32l4xx_hal_spi.o
 .debug_line    0x0000a402     0x3974 build/stm32l4xx_hal_tim.o
 .debug_line    0x0000dd76     0x148e build/stm32l4xx_hal_tim_ex.o
 .debug_line    0x0000f204     0x2302 build/stm32l4xx_hal_uart.o
 .debug_line    0x00011506      0x357 build/system_stm32l4xx.o
 .debug_line    0x0001185d      0x41e build/diskio.o
 .debug_line    0x00011c7b     0x4322 build/ff.o
 .debug_line    0x00015f9d      0x460 build/ff_gen_drv.o
 .debug_line    0x000163fd      0x49c build/Myquadspi.o
 .debug_line    0x00016899      0x5cd build/IS25.o
 .debug_line    0x00016e66      0x561 build/Flasher.o
 .debug_line    0x000173c7      0x691 build/SD_Card_APP.o
 .debug_line    0x00017a58      0xe86 build/SD_Card_Drive.o
 .debug_line    0x000188de      0x32a build/SD_Card_Interface.o
 .debug_line    0x00018c08       0x73 build/startup_stm32l412xx.o

.debug_str      0x00000000     0x67b7
 .debug_str     0x00000000     0x14a8 build/main.o
                               0x164f (size before relaxing)
 .debug_str     0x000014a8      0x197 build/gpio.o
                                0x59f (size before relaxing)
 .debug_str     0x0000163f      0x36d build/user_diskio.o
                                0xbb1 (size before relaxing)
 .debug_str     0x000019ac       0x37 build/fatfs.o
                                0x949 (size before relaxing)
 .debug_str     0x000019e3       0x5b build/quadspi.o
                                0x99a (size before relaxing)
 .debug_str     0x00001a3e       0x4a build/spi.o
                                0x99b (size before relaxing)
 .debug_str     0x00001a88      0x504 build/tim.o
                                0xdff (size before relaxing)
 .debug_str     0x00001f8c      0x113 build/usart.o
                                0xe6b (size before relaxing)
 .debug_str     0x0000209f      0x10d build/stm32l4xx_it.o
                                0xe51 (size before relaxing)
 .debug_str     0x000021ac       0x24 build/stm32l4xx_hal_msp.o
                                0x4ee (size before relaxing)
 .debug_str     0x000021d0      0x349 build/stm32l4xx_hal.o
                                0xc1c (size before relaxing)
 .debug_str     0x00002519      0x298 build/stm32l4xx_hal_rcc.o
                                0x9d8 (size before relaxing)
 .debug_str     0x000027b1      0x433 build/stm32l4xx_hal_rcc_ex.o
                                0xc2c (size before relaxing)
 .debug_str     0x00002be4       0xd5 build/stm32l4xx_hal_gpio.o
                                0x726 (size before relaxing)
 .debug_str     0x00002cb9      0x4fd build/stm32l4xx_hal_pwr_ex.o
                                0x9d9 (size before relaxing)
 .debug_str     0x000031b6      0x423 build/stm32l4xx_hal_cortex.o
                                0xc9c (size before relaxing)
 .debug_str     0x000035d9      0x502 build/stm32l4xx_hal_qspi.o
                                0xcf8 (size before relaxing)
 .debug_str     0x00003adb      0x504 build/stm32l4xx_hal_spi.o
                                0xd47 (size before relaxing)
 .debug_str     0x00003fdf      0xdb7 build/stm32l4xx_hal_tim.o
                               0x1678 (size before relaxing)
 .debug_str     0x00004d96      0x5ca build/stm32l4xx_hal_tim_ex.o
                                0xf98 (size before relaxing)
 .debug_str     0x00005360      0x70f build/stm32l4xx_hal_uart.o
                               0x10d7 (size before relaxing)
 .debug_str     0x00005a6f       0x38 build/system_stm32l4xx.o
                                0x579 (size before relaxing)
 .debug_str     0x00005aa7       0x4f build/diskio.o
                                0x87a (size before relaxing)
 .debug_str     0x00005af6      0x4dd build/ff.o
                                0xe02 (size before relaxing)
 .debug_str     0x00005fd3       0x8e build/ff_gen_drv.o
                                0x8cb (size before relaxing)
 .debug_str     0x00006061      0x133 build/Myquadspi.o
                                0xf17 (size before relaxing)
 .debug_str     0x00006194       0xda build/IS25.o
                                0xca0 (size before relaxing)
 .debug_str     0x0000626e       0x75 build/Flasher.o
                               0x11eb (size before relaxing)
 .debug_str     0x000062e3       0xd0 build/SD_Card_APP.o
                               0x100e (size before relaxing)
 .debug_str     0x000063b3      0x387 build/SD_Card_Drive.o
                                0xe6c (size before relaxing)
 .debug_str     0x0000673a       0x59 build/SD_Card_Interface.o
                                0x889 (size before relaxing)
 .debug_str     0x00006793       0x24 build/startup_stm32l412xx.o
                                 0x38 (size before relaxing)

.comment        0x00000000       0x4c
 .comment       0x00000000       0x4c build/main.o
                                 0x4d (size before relaxing)
 .comment       0x0000004c       0x4d build/gpio.o
 .comment       0x0000004c       0x4d build/user_diskio.o
 .comment       0x0000004c       0x4d build/fatfs.o
 .comment       0x0000004c       0x4d build/quadspi.o
 .comment       0x0000004c       0x4d build/spi.o
 .comment       0x0000004c       0x4d build/tim.o
 .comment       0x0000004c       0x4d build/usart.o
 .comment       0x0000004c       0x4d build/stm32l4xx_it.o
 .comment       0x0000004c       0x4d build/stm32l4xx_hal_msp.o
 .comment       0x0000004c       0x4d build/stm32l4xx_hal.o
 .comment       0x0000004c       0x4d build/stm32l4xx_hal_rcc.o
 .comment       0x0000004c       0x4d build/stm32l4xx_hal_rcc_ex.o
 .comment       0x0000004c       0x4d build/stm32l4xx_hal_gpio.o
 .comment       0x0000004c       0x4d build/stm32l4xx_hal_pwr_ex.o
 .comment       0x0000004c       0x4d build/stm32l4xx_hal_cortex.o
 .comment       0x0000004c       0x4d build/stm32l4xx_hal_qspi.o
 .comment       0x0000004c       0x4d build/stm32l4xx_hal_spi.o
 .comment       0x0000004c       0x4d build/stm32l4xx_hal_tim.o
 .comment       0x0000004c       0x4d build/stm32l4xx_hal_tim_ex.o
 .comment       0x0000004c       0x4d build/stm32l4xx_hal_uart.o
 .comment       0x0000004c       0x4d build/system_stm32l4xx.o
 .comment       0x0000004c       0x4d build/diskio.o
 .comment       0x0000004c       0x4d build/ff.o
 .comment       0x0000004c       0x4d build/ff_gen_drv.o
 .comment       0x0000004c       0x4d build/Myquadspi.o
 .comment       0x0000004c       0x4d build/IS25.o
 .comment       0x0000004c       0x4d build/Flasher.o
 .comment       0x0000004c       0x4d build/SD_Card_APP.o
 .comment       0x0000004c       0x4d build/SD_Card_Drive.o
 .comment       0x0000004c       0x4d build/SD_Card_Interface.o

.debug_frame    0x00000000     0x40ac
 .debug_frame   0x00000000       0x58 build/main.o
 .debug_frame   0x00000058       0x34 build/gpio.o
 .debug_frame   0x0000008c       0x90 build/user_diskio.o
 .debug_frame   0x0000011c       0x38 build/fatfs.o
 .debug_frame   0x00000154       0x68 build/quadspi.o
 .debug_frame   0x000001bc       0x78 build/spi.o
 .debug_frame   0x00000234       0x64 build/tim.o
 .debug_frame   0x00000298      0x108 build/usart.o
 .debug_frame   0x000003a0       0xf0 build/stm32l4xx_it.o
 .debug_frame   0x00000490       0x28 build/stm32l4xx_hal_msp.o
 .debug_frame   0x000004b8      0x21c build/stm32l4xx_hal.o
 .debug_frame   0x000006d4      0x18c build/stm32l4xx_hal_rcc.o
 .debug_frame   0x00000860      0x1e0 build/stm32l4xx_hal_rcc_ex.o
 .debug_frame   0x00000a40       0xd8 build/stm32l4xx_hal_gpio.o
 .debug_frame   0x00000b18      0x288 build/stm32l4xx_hal_pwr_ex.o
 .debug_frame   0x00000da0      0x15c build/stm32l4xx_hal_cortex.o
 .debug_frame   0x00000efc      0x41c build/stm32l4xx_hal_qspi.o
 .debug_frame   0x00001318      0x5c0 build/stm32l4xx_hal_spi.o
 .debug_frame   0x000018d8      0xabc build/stm32l4xx_hal_tim.o
 .debug_frame   0x00002394      0x430 build/stm32l4xx_hal_tim_ex.o
 .debug_frame   0x000027c4      0x5c8 build/stm32l4xx_hal_uart.o
 .debug_frame   0x00002d8c       0x30 build/system_stm32l4xx.o
 .debug_frame   0x00002dbc       0xa0 build/diskio.o
 .debug_frame   0x00002e5c      0x7e8 build/ff.o
 .debug_frame   0x00003644       0x80 build/ff_gen_drv.o
 .debug_frame   0x000036c4       0xb4 build/Myquadspi.o
 .debug_frame   0x00003778      0x110 build/IS25.o
 .debug_frame   0x00003888       0x50 build/Flasher.o
 .debug_frame   0x000038d8       0xb8 build/SD_Card_APP.o
 .debug_frame   0x00003990      0x1b4 build/SD_Card_Drive.o
 .debug_frame   0x00003b44       0x98 build/SD_Card_Interface.o
 .debug_frame   0x00003bdc       0x2c c:/program files (x86)/gnu arm embedded toolchain/9 2020-q2-update/bin/../lib/gcc/arm-none-eabi/9.3.1/../../../../arm-none-eabi/lib/thumb/v7e-m+fp/hard\libc_nano.a(lib_a-init.o)
 .debug_frame   0x00003c08       0x30 c:/program files (x86)/gnu arm embedded toolchain/9 2020-q2-update/bin/../lib/gcc/arm-none-eabi/9.3.1/../../../../arm-none-eabi/lib/thumb/v7e-m+fp/hard\libc_nano.a(lib_a-malloc.o)
 .debug_frame   0x00003c38       0x2c c:/program files (x86)/gnu arm embedded toolchain/9 2020-q2-update/bin/../lib/gcc/arm-none-eabi/9.3.1/../../../../arm-none-eabi/lib/thumb/v7e-m+fp/hard\libc_nano.a(lib_a-memcmp.o)
 .debug_frame   0x00003c64       0x28 c:/program files (x86)/gnu arm embedded toolchain/9 2020-q2-update/bin/../lib/gcc/arm-none-eabi/9.3.1/../../../../arm-none-eabi/lib/thumb/v7e-m+fp/hard\libc_nano.a(lib_a-memcpy-stub.o)
 .debug_frame   0x00003c8c       0x20 c:/program files (x86)/gnu arm embedded toolchain/9 2020-q2-update/bin/../lib/gcc/arm-none-eabi/9.3.1/../../../../arm-none-eabi/lib/thumb/v7e-m+fp/hard\libc_nano.a(lib_a-memset.o)
 .debug_frame   0x00003cac       0x38 c:/program files (x86)/gnu arm embedded toolchain/9 2020-q2-update/bin/../lib/gcc/arm-none-eabi/9.3.1/../../../../arm-none-eabi/lib/thumb/v7e-m+fp/hard\libc_nano.a(lib_a-nano-freer.o)
 .debug_frame   0x00003ce4       0x30 c:/program files (x86)/gnu arm embedded toolchain/9 2020-q2-update/bin/../lib/gcc/arm-none-eabi/9.3.1/../../../../arm-none-eabi/lib/thumb/v7e-m+fp/hard\libc_nano.a(lib_a-nano-mallocr.o)
 .debug_frame   0x00003d14       0x2c c:/program files (x86)/gnu arm embedded toolchain/9 2020-q2-update/bin/../lib/gcc/arm-none-eabi/9.3.1/../../../../arm-none-eabi/lib/thumb/v7e-m+fp/hard\libc_nano.a(lib_a-sbrkr.o)
 .debug_frame   0x00003d40       0x3c c:/program files (x86)/gnu arm embedded toolchain/9 2020-q2-update/bin/../lib/gcc/arm-none-eabi/9.3.1/../../../../arm-none-eabi/lib/thumb/v7e-m+fp/hard\libc_nano.a(lib_a-vsprintf.o)
 .debug_frame   0x00003d7c       0x30 c:/program files (x86)/gnu arm embedded toolchain/9 2020-q2-update/bin/../lib/gcc/arm-none-eabi/9.3.1/../../../../arm-none-eabi/lib/thumb/v7e-m+fp/hard\libc_nano.a(lib_a-mlock.o)
 .debug_frame   0x00003dac       0x90 c:/program files (x86)/gnu arm embedded toolchain/9 2020-q2-update/bin/../lib/gcc/arm-none-eabi/9.3.1/../../../../arm-none-eabi/lib/thumb/v7e-m+fp/hard\libc_nano.a(lib_a-nano-svfprintf.o)
 .debug_frame   0x00003e3c       0x60 c:/program files (x86)/gnu arm embedded toolchain/9 2020-q2-update/bin/../lib/gcc/arm-none-eabi/9.3.1/../../../../arm-none-eabi/lib/thumb/v7e-m+fp/hard\libc_nano.a(lib_a-nano-vfprintf_i.o)
 .debug_frame   0x00003e9c       0x5c c:/program files (x86)/gnu arm embedded toolchain/9 2020-q2-update/bin/../lib/gcc/arm-none-eabi/9.3.1/../../../../arm-none-eabi/lib/thumb/v7e-m+fp/hard\libc_nano.a(lib_a-reent.o)
 .debug_frame   0x00003ef8       0xb0 c:/program files (x86)/gnu arm embedded toolchain/9 2020-q2-update/bin/../lib/gcc/arm-none-eabi/9.3.1/../../../../arm-none-eabi/lib/thumb/v7e-m+fp/hard\libc_nano.a(lib_a-lock.o)
 .debug_frame   0x00003fa8       0x28 c:/program files (x86)/gnu arm embedded toolchain/9 2020-q2-update/bin/../lib/gcc/arm-none-eabi/9.3.1/../../../../arm-none-eabi/lib/thumb/v7e-m+fp/hard\libc_nano.a(lib_a-memmove.o)
 .debug_frame   0x00003fd0       0x3c c:/program files (x86)/gnu arm embedded toolchain/9 2020-q2-update/bin/../lib/gcc/arm-none-eabi/9.3.1/../../../../arm-none-eabi/lib/thumb/v7e-m+fp/hard\libc_nano.a(lib_a-nano-reallocr.o)
 .debug_frame   0x0000400c       0x20 c:/program files (x86)/gnu arm embedded toolchain/9 2020-q2-update/bin/../lib/gcc/arm-none-eabi/9.3.1/../../../../arm-none-eabi/lib/thumb/v7e-m+fp/hard\libc_nano.a(lib_a-nano-msizer.o)
 .debug_frame   0x0000402c       0x20 c:/program files (x86)/gnu arm embedded toolchain/9 2020-q2-update/bin/../lib/gcc/arm-none-eabi/9.3.1/../../../../arm-none-eabi/lib/thumb/v7e-m+fp/hard\libnosys.a(sbrk.o)
 .debug_frame   0x0000404c       0x2c c:/program files (x86)/gnu arm embedded toolchain/9 2020-q2-update/bin/../lib/gcc/arm-none-eabi/9.3.1/thumb/v7e-m+fp/hard\libgcc.a(_aeabi_uldivmod.o)
 .debug_frame   0x00004078       0x34 c:/program files (x86)/gnu arm embedded toolchain/9 2020-q2-update/bin/../lib/gcc/arm-none-eabi/9.3.1/thumb/v7e-m+fp/hard\libgcc.a(_udivmoddi4.o)

Cross Reference Table

Symbol                                            File
ADC1_2_IRQHandler                                 build/startup_stm32l412xx.o
AHBPrescTable                                     build/system_stm32l4xx.o
                                                  build/stm32l4xx_hal_rcc.o
APBPrescTable                                     build/system_stm32l4xx.o
                                                  build/stm32l4xx_hal_rcc.o
BSP_SD_Erase                                      build/SD_Card_Drive.o
BSP_SD_GetCardInfo                                build/SD_Card_Drive.o
                                                  build/user_diskio.o
BSP_SD_GetCardState                               build/SD_Card_Drive.o
                                                  build/user_diskio.o
BSP_SD_Init                                       build/SD_Card_Drive.o
                                                  build/SD_Card_APP.o
                                                  build/user_diskio.o
BSP_SD_ReadBlocks                                 build/SD_Card_Drive.o
                                                  build/user_diskio.o
BSP_SD_WriteBlocks                                build/SD_Card_Drive.o
                                                  build/user_diskio.o
BusFault_Handler                                  build/stm32l4xx_it.o
COMP_IRQHandler                                   build/startup_stm32l412xx.o
CRS_IRQHandler                                    build/startup_stm32l412xx.o
Cmd                                               build/Flasher.o
DEV_Delay_us                                      build/DEV_Config.o
DEV_Module_Init                                   build/DEV_Config.o
DEV_SPI_ReadByte                                  build/DEV_Config.o
DEV_SPI_WriteByte                                 build/DEV_Config.o
DMA1_Channel1_IRQHandler                          build/startup_stm32l412xx.o
DMA1_Channel2_IRQHandler                          build/startup_stm32l412xx.o
DMA1_Channel3_IRQHandler                          build/startup_stm32l412xx.o
DMA1_Channel4_IRQHandler                          build/startup_stm32l412xx.o
DMA1_Channel5_IRQHandler                          build/startup_stm32l412xx.o
DMA1_Channel6_IRQHandler                          build/startup_stm32l412xx.o
DMA1_Channel7_IRQHandler                          build/startup_stm32l412xx.o
DMA2_Channel1_IRQHandler                          build/startup_stm32l412xx.o
DMA2_Channel2_IRQHandler                          build/startup_stm32l412xx.o
DMA2_Channel3_IRQHandler                          build/startup_stm32l412xx.o
DMA2_Channel4_IRQHandler                          build/startup_stm32l412xx.o
DMA2_Channel5_IRQHandler                          build/startup_stm32l412xx.o
DMA2_Channel6_IRQHandler                          build/startup_stm32l412xx.o
DMA2_Channel7_IRQHandler                          build/startup_stm32l412xx.o
Data                                              build/Flasher.o
DebugMon_Handler                                  build/stm32l4xx_it.o
Debug_uint1                                       build/main.o
                                                  build/SD_Card_APP.o
Debug_uint2                                       build/main.o
                                                  build/SD_Card_APP.o
Default_Handler                                   build/startup_stm32l412xx.o
EXTI0_IRQHandler                                  build/startup_stm32l412xx.o
EXTI15_10_IRQHandler                              build/startup_stm32l412xx.o
EXTI1_IRQHandler                                  build/startup_stm32l412xx.o
EXTI2_IRQHandler                                  build/startup_stm32l412xx.o
EXTI3_IRQHandler                                  build/startup_stm32l412xx.o
EXTI4_IRQHandler                                  build/startup_stm32l412xx.o
EXTI9_5_IRQHandler                                build/startup_stm32l412xx.o
Error_Handler                                     build/main.o
                                                  build/usart.o
                                                  build/tim.o
                                                  build/spi.o
                                                  build/quadspi.o
FATFS_GetAttachedDriversNbr                       build/ff_gen_drv.o
FATFS_LinkDriver                                  build/ff_gen_drv.o
                                                  build/SD_Card_APP.o
                                                  build/fatfs.o
FATFS_LinkDriverEx                                build/ff_gen_drv.o
FATFS_UnLinkDriver                                build/ff_gen_drv.o
FATFS_UnLinkDriverEx                              build/ff_gen_drv.o
FLASH_FlushCaches                                 build/stm32l4xx_hal_flash_ex.o
                                                  build/stm32l4xx_hal_flash.o
FLASH_IRQHandler                                  build/startup_stm32l412xx.o
FLASH_PageErase                                   build/stm32l4xx_hal_flash_ex.o
                                                  build/stm32l4xx_hal_flash.o
FLASH_WaitForLastOperation                        build/stm32l4xx_hal_flash.o
                                                  build/stm32l4xx_hal_flash_ex.o
FPU_IRQHandler                                    build/startup_stm32l412xx.o
FRESULTPrinter                                    build/usart.o
                                                  build/SD_Card_APP.o
FRESULTStr                                        build/usart.o
Flasher_Init                                      build/Flasher.o
                                                  build/main.o
Flasher_Loop                                      build/Flasher.o
HAL_DBGMCU_DisableDBGSleepMode                    build/stm32l4xx_hal.o
HAL_DBGMCU_DisableDBGStandbyMode                  build/stm32l4xx_hal.o
HAL_DBGMCU_DisableDBGStopMode                     build/stm32l4xx_hal.o
HAL_DBGMCU_EnableDBGSleepMode                     build/stm32l4xx_hal.o
HAL_DBGMCU_EnableDBGStandbyMode                   build/stm32l4xx_hal.o
HAL_DBGMCU_EnableDBGStopMode                      build/stm32l4xx_hal.o
HAL_DMA_Abort                                     build/stm32l4xx_hal_dma.o
                                                  build/stm32l4xx_hal_uart.o
                                                  build/stm32l4xx_hal_spi.o
                                                  build/stm32l4xx_hal_qspi.o
HAL_DMA_Abort_IT                                  build/stm32l4xx_hal_dma.o
                                                  build/stm32l4xx_hal_uart.o
                                                  build/stm32l4xx_hal_tim_ex.o
                                                  build/stm32l4xx_hal_tim.o
                                                  build/stm32l4xx_hal_spi.o
                                                  build/stm32l4xx_hal_qspi.o
                                                  build/stm32l4xx_hal_i2c.o
HAL_DMA_DeInit                                    build/stm32l4xx_hal_dma.o
HAL_DMA_GetError                                  build/stm32l4xx_hal_dma.o
                                                  build/stm32l4xx_hal_uart.o
HAL_DMA_GetState                                  build/stm32l4xx_hal_dma.o
HAL_DMA_IRQHandler                                build/stm32l4xx_hal_dma.o
HAL_DMA_Init                                      build/stm32l4xx_hal_dma.o
HAL_DMA_PollForTransfer                           build/stm32l4xx_hal_dma.o
HAL_DMA_RegisterCallback                          build/stm32l4xx_hal_dma.o
HAL_DMA_Start                                     build/stm32l4xx_hal_dma.o
HAL_DMA_Start_IT                                  build/stm32l4xx_hal_dma.o
                                                  build/stm32l4xx_hal_uart.o
                                                  build/stm32l4xx_hal_tim_ex.o
                                                  build/stm32l4xx_hal_tim.o
                                                  build/stm32l4xx_hal_spi.o
                                                  build/stm32l4xx_hal_qspi.o
                                                  build/stm32l4xx_hal_i2c.o
HAL_DMA_UnRegisterCallback                        build/stm32l4xx_hal_dma.o
HAL_DeInit                                        build/stm32l4xx_hal.o
HAL_Delay                                         build/stm32l4xx_hal.o
                                                  build/SD_Card_Drive.o
                                                  build/Flasher.o
                                                  build/main.o
HAL_EXTI_ClearConfigLine                          build/stm32l4xx_hal_exti.o
HAL_EXTI_ClearPending                             build/stm32l4xx_hal_exti.o
HAL_EXTI_GenerateSWI                              build/stm32l4xx_hal_exti.o
HAL_EXTI_GetConfigLine                            build/stm32l4xx_hal_exti.o
HAL_EXTI_GetHandle                                build/stm32l4xx_hal_exti.o
HAL_EXTI_GetPending                               build/stm32l4xx_hal_exti.o
HAL_EXTI_IRQHandler                               build/stm32l4xx_hal_exti.o
HAL_EXTI_RegisterCallback                         build/stm32l4xx_hal_exti.o
HAL_EXTI_SetConfigLine                            build/stm32l4xx_hal_exti.o
HAL_FLASHEx_DisableRunPowerDown                   build/stm32l4xx_hal_flash_ramfunc.o
HAL_FLASHEx_EnableRunPowerDown                    build/stm32l4xx_hal_flash_ramfunc.o
HAL_FLASHEx_Erase                                 build/stm32l4xx_hal_flash_ex.o
HAL_FLASHEx_Erase_IT                              build/stm32l4xx_hal_flash_ex.o
HAL_FLASHEx_OBGetConfig                           build/stm32l4xx_hal_flash_ex.o
HAL_FLASHEx_OBProgram                             build/stm32l4xx_hal_flash_ex.o
HAL_FLASH_EndOfOperationCallback                  build/stm32l4xx_hal_flash.o
HAL_FLASH_GetError                                build/stm32l4xx_hal_flash.o
HAL_FLASH_IRQHandler                              build/stm32l4xx_hal_flash.o